<!doctype html public "-//w3c//dtd html 4.0 transitional//en">
<html><head>
<title>Static Call Graph - [.\Objects\qorvo_m4f_proj.axf]</title></head>
<body><HR>
<H1>Static Call Graph for image .\Objects\qorvo_m4f_proj.axf</H1><HR>
<BR><P>#&#060CALLGRAPH&#062# ARM Linker, 5060750: Last Updated: Tue Nov 11 10:50:57 2025
<BR><P>
<H3>Maximum Stack Usage =          8 bytes + Unknown(Functions without stacksize, Cycles, Untraceable Function Pointers)</H3><H3>
Call chain for Maximum Stack Depth:</H3>
__rt_entry_main &rArr; exit
<P>
<H3>
Functions with no stack information
</H3><UL>
 <LI><a href="#[2f]">__user_initial_stackheap</a>
 <LI><a href="#[30]">pac_delay_asm</a>
</UL>
</UL>
<P>
<H3>
Mutually Recursive functions
</H3> <LI><a href="#[3]">NMI_Handler</a>&nbsp;&nbsp;&nbsp;&rArr;&nbsp;&nbsp;&nbsp;<a href="#[3]">NMI_Handler</a><BR>
 <LI><a href="#[4]">HardFault_Handler</a>&nbsp;&nbsp;&nbsp;&rArr;&nbsp;&nbsp;&nbsp;<a href="#[4]">HardFault_Handler</a><BR>
 <LI><a href="#[5]">MemManageFault_Handler</a>&nbsp;&nbsp;&nbsp;&rArr;&nbsp;&nbsp;&nbsp;<a href="#[5]">MemManageFault_Handler</a><BR>
 <LI><a href="#[6]">BusFault_Handler</a>&nbsp;&nbsp;&nbsp;&rArr;&nbsp;&nbsp;&nbsp;<a href="#[6]">BusFault_Handler</a><BR>
 <LI><a href="#[7]">UsageFault_Handler</a>&nbsp;&nbsp;&nbsp;&rArr;&nbsp;&nbsp;&nbsp;<a href="#[7]">UsageFault_Handler</a><BR>
 <LI><a href="#[8]">SVC_Handler</a>&nbsp;&nbsp;&nbsp;&rArr;&nbsp;&nbsp;&nbsp;<a href="#[8]">SVC_Handler</a><BR>
 <LI><a href="#[9]">PendSV_Handler</a>&nbsp;&nbsp;&nbsp;&rArr;&nbsp;&nbsp;&nbsp;<a href="#[9]">PendSV_Handler</a><BR>
 <LI><a href="#[a]">SysTick_Handler</a>&nbsp;&nbsp;&nbsp;&rArr;&nbsp;&nbsp;&nbsp;<a href="#[a]">SysTick_Handler</a><BR>
 <LI><a href="#[31]">DebugMon_Handler</a>&nbsp;&nbsp;&nbsp;&rArr;&nbsp;&nbsp;&nbsp;<a href="#[31]">DebugMon_Handler</a><BR>
 <LI><a href="#[32]">Default_Handler</a>&nbsp;&nbsp;&nbsp;&rArr;&nbsp;&nbsp;&nbsp;<a href="#[32]">Default_Handler</a><BR>
</UL>
<P>
<H3>
Function Pointers
</H3><UL>
 <LI><a href="#[f]">ADC1_IRQHandler</a> from startup_pac_keil.o(.text) referenced from startup_pac_keil.o(RESET)
 <LI><a href="#[10]">ADC2_IRQHandler</a> from startup_pac_keil.o(.text) referenced from startup_pac_keil.o(RESET)
 <LI><a href="#[11]">ADC3_IRQHandler</a> from startup_pac_keil.o(.text) referenced from startup_pac_keil.o(RESET)
 <LI><a href="#[e]">ADC_IRQHandler</a> from startup_pac_keil.o(.text) referenced from startup_pac_keil.o(RESET)
 <LI><a href="#[6]">BusFault_Handler</a> from startup_pac_keil.o(.text) referenced from startup_pac_keil.o(RESET)
 <LI><a href="#[26]">CAN_IRQHandler</a> from startup_pac_keil.o(.text) referenced from startup_pac_keil.o(RESET)
 <LI><a href="#[29]">CCS_IRQHandler</a> from startup_pac_keil.o(.text) referenced from startup_pac_keil.o(RESET)
 <LI><a href="#[27]">GPTimerA_IRQHandler</a> from startup_pac_keil.o(.text) referenced from startup_pac_keil.o(RESET)
 <LI><a href="#[28]">GPTimerB_IRQHandler</a> from startup_pac_keil.o(.text) referenced from startup_pac_keil.o(RESET)
 <LI><a href="#[1a]">GpioA_IRQHandler</a> from startup_pac_keil.o(.text) referenced from startup_pac_keil.o(RESET)
 <LI><a href="#[1b]">GpioB_IRQHandler</a> from startup_pac_keil.o(.text) referenced from startup_pac_keil.o(RESET)
 <LI><a href="#[1c]">GpioC_IRQHandler</a> from startup_pac_keil.o(.text) referenced from startup_pac_keil.o(RESET)
 <LI><a href="#[1d]">GpioD_IRQHandler</a> from startup_pac_keil.o(.text) referenced from startup_pac_keil.o(RESET)
 <LI><a href="#[1e]">GpioE_IRQHandler</a> from startup_pac_keil.o(.text) referenced from startup_pac_keil.o(RESET)
 <LI><a href="#[1f]">GpioF_IRQHandler</a> from startup_pac_keil.o(.text) referenced from startup_pac_keil.o(RESET)
 <LI><a href="#[20]">GpioG_IRQHandler</a> from startup_pac_keil.o(.text) referenced from startup_pac_keil.o(RESET)
 <LI><a href="#[4]">HardFault_Handler</a> from startup_pac_keil.o(.text) referenced from startup_pac_keil.o(RESET)
 <LI><a href="#[21]">I2C_IRQHandler</a> from startup_pac_keil.o(.text) referenced from startup_pac_keil.o(RESET)
 <LI><a href="#[b]">MemCtl_IRQHandler</a> from startup_pac_keil.o(.text) referenced from startup_pac_keil.o(RESET)
 <LI><a href="#[5]">MemManageFault_Handler</a> from startup_pac_keil.o(.text) referenced from startup_pac_keil.o(RESET)
 <LI><a href="#[3]">NMI_Handler</a> from startup_pac_keil.o(.text) referenced from startup_pac_keil.o(RESET)
 <LI><a href="#[9]">PendSV_Handler</a> from startup_pac_keil.o(.text) referenced from startup_pac_keil.o(RESET)
 <LI><a href="#[16]">QEPA_IRQHandler</a> from startup_pac_keil.o(.text) referenced from startup_pac_keil.o(RESET)
 <LI><a href="#[17]">QEPB_IRQHandler</a> from startup_pac_keil.o(.text) referenced from startup_pac_keil.o(RESET)
 <LI><a href="#[18]">QEPC_IRQHandler</a> from startup_pac_keil.o(.text) referenced from startup_pac_keil.o(RESET)
 <LI><a href="#[19]">QEPD_IRQHandler</a> from startup_pac_keil.o(.text) referenced from startup_pac_keil.o(RESET)
 <LI><a href="#[d]">RTC_IRQHandler</a> from startup_pac_keil.o(.text) referenced from startup_pac_keil.o(RESET)
 <LI><a href="#[2d]">Reset_Handler</a> from startup_pac_keil.o(.text) referenced from startup_pac_keil.o(RESET)
 <LI><a href="#[8]">SVC_Handler</a> from startup_pac_keil.o(.text) referenced from startup_pac_keil.o(RESET)
 <LI><a href="#[a]">SysTick_Handler</a> from startup_pac_keil.o(.text) referenced from startup_pac_keil.o(RESET)
 <LI><a href="#[2b]">SystemInit</a> from system_pac.o(i.SystemInit) referenced from startup_pac_keil.o(.text)
 <LI><a href="#[12]">TimerA_IRQHandler</a> from startup_pac_keil.o(.text) referenced from startup_pac_keil.o(RESET)
 <LI><a href="#[13]">TimerB_IRQHandler</a> from startup_pac_keil.o(.text) referenced from startup_pac_keil.o(RESET)
 <LI><a href="#[14]">TimerC_IRQHandler</a> from startup_pac_keil.o(.text) referenced from startup_pac_keil.o(RESET)
 <LI><a href="#[15]">TimerD_IRQHandler</a> from startup_pac_keil.o(.text) referenced from startup_pac_keil.o(RESET)
 <LI><a href="#[22]">USARTA_IRQHandler</a> from startup_pac_keil.o(.text) referenced from startup_pac_keil.o(RESET)
 <LI><a href="#[23]">USARTB_IRQHandler</a> from startup_pac_keil.o(.text) referenced from startup_pac_keil.o(RESET)
 <LI><a href="#[24]">USARTC_IRQHandler</a> from startup_pac_keil.o(.text) referenced from startup_pac_keil.o(RESET)
 <LI><a href="#[25]">USARTD_IRQHandler</a> from startup_pac_keil.o(.text) referenced from startup_pac_keil.o(RESET)
 <LI><a href="#[7]">UsageFault_Handler</a> from startup_pac_keil.o(.text) referenced from startup_pac_keil.o(RESET)
 <LI><a href="#[c]">Wdt_IRQHandler</a> from startup_pac_keil.o(.text) referenced from startup_pac_keil.o(RESET)
 <LI><a href="#[2e]">__main</a> from __main.o(!!!main) referenced from startup_pac_keil.o(.text)
 <LI><a href="#[2a]">pac_recovery</a> from pac_driver_system.o(i.pac_recovery) referenced from startup_pac_keil.o(.text)
</UL>
<P>
<H3>
Global Symbols
</H3>
<P><STRONG><a name="[2e]"></a>__main</STRONG> (Thumb, 8 bytes, Stack size 0 bytes, __main.o(!!!main))
<BR><BR>[Calls]<UL><LI><a href="#[34]">&gt;&gt;</a>&nbsp;&nbsp;&nbsp;__rt_entry
<LI><a href="#[33]">&gt;&gt;</a>&nbsp;&nbsp;&nbsp;__scatterload
</UL>

<P><STRONG><a name="[33]"></a>__scatterload</STRONG> (Thumb, 0 bytes, Stack size unknown bytes, __scatter.o(!!!scatter))
<BR><BR>[Called By]<UL><LI><a href="#[2e]">&gt;&gt;</a>&nbsp;&nbsp;&nbsp;__main
</UL>

<P><STRONG><a name="[35]"></a>__scatterload_rt2</STRONG> (Thumb, 44 bytes, Stack size unknown bytes, __scatter.o(!!!scatter), UNUSED)
<BR><BR>[Calls]<UL><LI><a href="#[34]">&gt;&gt;</a>&nbsp;&nbsp;&nbsp;__rt_entry
</UL>

<P><STRONG><a name="[43]"></a>__scatterload_rt2_thumb_only</STRONG> (Thumb, 0 bytes, Stack size unknown bytes, __scatter.o(!!!scatter), UNUSED)

<P><STRONG><a name="[44]"></a>__scatterload_null</STRONG> (Thumb, 0 bytes, Stack size unknown bytes, __scatter.o(!!!scatter), UNUSED)

<P><STRONG><a name="[36]"></a>__scatterload_copy</STRONG> (Thumb, 26 bytes, Stack size unknown bytes, __scatter_copy.o(!!handler_copy), UNUSED)
<BR><BR>[Calls]<UL><LI><a href="#[36]">&gt;&gt;</a>&nbsp;&nbsp;&nbsp;__scatterload_copy
</UL>
<BR>[Called By]<UL><LI><a href="#[36]">&gt;&gt;</a>&nbsp;&nbsp;&nbsp;__scatterload_copy
</UL>

<P><STRONG><a name="[45]"></a>__scatterload_zeroinit</STRONG> (Thumb, 28 bytes, Stack size unknown bytes, __scatter_zi.o(!!handler_zi), UNUSED)

<P><STRONG><a name="[3a]"></a>__rt_lib_init</STRONG> (Thumb, 0 bytes, Stack size unknown bytes, libinit.o(.ARM.Collect$$libinit$$00000000))
<BR><BR>[Called By]<UL><LI><a href="#[39]">&gt;&gt;</a>&nbsp;&nbsp;&nbsp;__rt_entry_li
</UL>

<P><STRONG><a name="[37]"></a>__rt_lib_init_fp_1</STRONG> (Thumb, 0 bytes, Stack size unknown bytes, libinit2.o(.ARM.Collect$$libinit$$00000001))
<BR><BR>[Calls]<UL><LI><a href="#[38]">&gt;&gt;</a>&nbsp;&nbsp;&nbsp;_fp_init
</UL>

<P><STRONG><a name="[46]"></a>__rt_lib_init_alloca_1</STRONG> (Thumb, 0 bytes, Stack size unknown bytes, libinit2.o(.ARM.Collect$$libinit$$0000002E))

<P><STRONG><a name="[47]"></a>__rt_lib_init_argv_1</STRONG> (Thumb, 0 bytes, Stack size unknown bytes, libinit2.o(.ARM.Collect$$libinit$$0000002C))

<P><STRONG><a name="[48]"></a>__rt_lib_init_atexit_1</STRONG> (Thumb, 0 bytes, Stack size unknown bytes, libinit2.o(.ARM.Collect$$libinit$$0000001B))

<P><STRONG><a name="[49]"></a>__rt_lib_init_clock_1</STRONG> (Thumb, 0 bytes, Stack size unknown bytes, libinit2.o(.ARM.Collect$$libinit$$00000021))

<P><STRONG><a name="[4a]"></a>__rt_lib_init_cpp_1</STRONG> (Thumb, 0 bytes, Stack size unknown bytes, libinit2.o(.ARM.Collect$$libinit$$00000032))

<P><STRONG><a name="[4b]"></a>__rt_lib_init_exceptions_1</STRONG> (Thumb, 0 bytes, Stack size unknown bytes, libinit2.o(.ARM.Collect$$libinit$$00000030))

<P><STRONG><a name="[4c]"></a>__rt_lib_init_fp_trap_1</STRONG> (Thumb, 0 bytes, Stack size unknown bytes, libinit2.o(.ARM.Collect$$libinit$$0000001F))

<P><STRONG><a name="[4d]"></a>__rt_lib_init_getenv_1</STRONG> (Thumb, 0 bytes, Stack size unknown bytes, libinit2.o(.ARM.Collect$$libinit$$00000023))

<P><STRONG><a name="[4e]"></a>__rt_lib_init_heap_1</STRONG> (Thumb, 0 bytes, Stack size unknown bytes, libinit2.o(.ARM.Collect$$libinit$$0000000A))

<P><STRONG><a name="[4f]"></a>__rt_lib_init_lc_collate_1</STRONG> (Thumb, 0 bytes, Stack size unknown bytes, libinit2.o(.ARM.Collect$$libinit$$00000011))

<P><STRONG><a name="[50]"></a>__rt_lib_init_lc_ctype_1</STRONG> (Thumb, 0 bytes, Stack size unknown bytes, libinit2.o(.ARM.Collect$$libinit$$00000013))

<P><STRONG><a name="[51]"></a>__rt_lib_init_lc_monetary_1</STRONG> (Thumb, 0 bytes, Stack size unknown bytes, libinit2.o(.ARM.Collect$$libinit$$00000015))

<P><STRONG><a name="[52]"></a>__rt_lib_init_lc_numeric_1</STRONG> (Thumb, 0 bytes, Stack size unknown bytes, libinit2.o(.ARM.Collect$$libinit$$00000017))

<P><STRONG><a name="[53]"></a>__rt_lib_init_lc_time_1</STRONG> (Thumb, 0 bytes, Stack size unknown bytes, libinit2.o(.ARM.Collect$$libinit$$00000019))

<P><STRONG><a name="[54]"></a>__rt_lib_init_preinit_1</STRONG> (Thumb, 0 bytes, Stack size unknown bytes, libinit2.o(.ARM.Collect$$libinit$$00000004))

<P><STRONG><a name="[55]"></a>__rt_lib_init_rand_1</STRONG> (Thumb, 0 bytes, Stack size unknown bytes, libinit2.o(.ARM.Collect$$libinit$$0000000E))

<P><STRONG><a name="[56]"></a>__rt_lib_init_return</STRONG> (Thumb, 0 bytes, Stack size unknown bytes, libinit2.o(.ARM.Collect$$libinit$$00000033))

<P><STRONG><a name="[57]"></a>__rt_lib_init_signal_1</STRONG> (Thumb, 0 bytes, Stack size unknown bytes, libinit2.o(.ARM.Collect$$libinit$$0000001D))

<P><STRONG><a name="[58]"></a>__rt_lib_init_stdio_1</STRONG> (Thumb, 0 bytes, Stack size unknown bytes, libinit2.o(.ARM.Collect$$libinit$$00000025))

<P><STRONG><a name="[59]"></a>__rt_lib_init_user_alloc_1</STRONG> (Thumb, 0 bytes, Stack size unknown bytes, libinit2.o(.ARM.Collect$$libinit$$0000000C))

<P><STRONG><a name="[3f]"></a>__rt_lib_shutdown</STRONG> (Thumb, 0 bytes, Stack size unknown bytes, libshutdown.o(.ARM.Collect$$libshutdown$$00000000))
<BR><BR>[Called By]<UL><LI><a href="#[3e]">&gt;&gt;</a>&nbsp;&nbsp;&nbsp;__rt_exit_ls
</UL>

<P><STRONG><a name="[5a]"></a>__rt_lib_shutdown_cpp_1</STRONG> (Thumb, 0 bytes, Stack size unknown bytes, libshutdown2.o(.ARM.Collect$$libshutdown$$00000002))

<P><STRONG><a name="[5b]"></a>__rt_lib_shutdown_fp_trap_1</STRONG> (Thumb, 0 bytes, Stack size unknown bytes, libshutdown2.o(.ARM.Collect$$libshutdown$$00000007))

<P><STRONG><a name="[5c]"></a>__rt_lib_shutdown_heap_1</STRONG> (Thumb, 0 bytes, Stack size unknown bytes, libshutdown2.o(.ARM.Collect$$libshutdown$$0000000F))

<P><STRONG><a name="[5d]"></a>__rt_lib_shutdown_return</STRONG> (Thumb, 0 bytes, Stack size unknown bytes, libshutdown2.o(.ARM.Collect$$libshutdown$$00000010))

<P><STRONG><a name="[5e]"></a>__rt_lib_shutdown_signal_1</STRONG> (Thumb, 0 bytes, Stack size unknown bytes, libshutdown2.o(.ARM.Collect$$libshutdown$$0000000A))

<P><STRONG><a name="[5f]"></a>__rt_lib_shutdown_stdio_1</STRONG> (Thumb, 0 bytes, Stack size unknown bytes, libshutdown2.o(.ARM.Collect$$libshutdown$$00000004))

<P><STRONG><a name="[60]"></a>__rt_lib_shutdown_user_alloc_1</STRONG> (Thumb, 0 bytes, Stack size unknown bytes, libshutdown2.o(.ARM.Collect$$libshutdown$$0000000C))

<P><STRONG><a name="[34]"></a>__rt_entry</STRONG> (Thumb, 0 bytes, Stack size unknown bytes, __rtentry.o(.ARM.Collect$$rtentry$$00000000))
<BR><BR>[Called By]<UL><LI><a href="#[2e]">&gt;&gt;</a>&nbsp;&nbsp;&nbsp;__main
<LI><a href="#[35]">&gt;&gt;</a>&nbsp;&nbsp;&nbsp;__scatterload_rt2
</UL>

<P><STRONG><a name="[61]"></a>__rt_entry_presh_1</STRONG> (Thumb, 0 bytes, Stack size unknown bytes, __rtentry2.o(.ARM.Collect$$rtentry$$00000002))

<P><STRONG><a name="[62]"></a>__rt_entry_sh</STRONG> (Thumb, 0 bytes, Stack size unknown bytes, __rtentry5.o(.ARM.Collect$$rtentry$$00000005))

<P><STRONG><a name="[39]"></a>__rt_entry_li</STRONG> (Thumb, 0 bytes, Stack size unknown bytes, __rtentry2.o(.ARM.Collect$$rtentry$$0000000A))
<BR><BR>[Calls]<UL><LI><a href="#[3a]">&gt;&gt;</a>&nbsp;&nbsp;&nbsp;__rt_lib_init
</UL>

<P><STRONG><a name="[63]"></a>__rt_entry_postsh_1</STRONG> (Thumb, 0 bytes, Stack size unknown bytes, __rtentry2.o(.ARM.Collect$$rtentry$$00000009))

<P><STRONG><a name="[3b]"></a>__rt_entry_main</STRONG> (Thumb, 0 bytes, Stack size unknown bytes, __rtentry2.o(.ARM.Collect$$rtentry$$0000000D))
<BR><BR>[Stack]<UL><LI>Max Depth = 8 + Unknown Stack Size
<LI>Call Chain = __rt_entry_main &rArr; exit
</UL>
<BR>[Calls]<UL><LI><a href="#[3d]">&gt;&gt;</a>&nbsp;&nbsp;&nbsp;exit
<LI><a href="#[3c]">&gt;&gt;</a>&nbsp;&nbsp;&nbsp;main
</UL>

<P><STRONG><a name="[64]"></a>__rt_entry_postli_1</STRONG> (Thumb, 0 bytes, Stack size unknown bytes, __rtentry2.o(.ARM.Collect$$rtentry$$0000000C))

<P><STRONG><a name="[42]"></a>__rt_exit</STRONG> (Thumb, 0 bytes, Stack size unknown bytes, rtexit.o(.ARM.Collect$$rtexit$$00000000))
<BR><BR>[Called By]<UL><LI><a href="#[3d]">&gt;&gt;</a>&nbsp;&nbsp;&nbsp;exit
</UL>

<P><STRONG><a name="[3e]"></a>__rt_exit_ls</STRONG> (Thumb, 0 bytes, Stack size unknown bytes, rtexit2.o(.ARM.Collect$$rtexit$$00000003))
<BR><BR>[Calls]<UL><LI><a href="#[3f]">&gt;&gt;</a>&nbsp;&nbsp;&nbsp;__rt_lib_shutdown
</UL>

<P><STRONG><a name="[65]"></a>__rt_exit_prels_1</STRONG> (Thumb, 0 bytes, Stack size unknown bytes, rtexit2.o(.ARM.Collect$$rtexit$$00000002))

<P><STRONG><a name="[40]"></a>__rt_exit_exit</STRONG> (Thumb, 0 bytes, Stack size unknown bytes, rtexit2.o(.ARM.Collect$$rtexit$$00000004))
<BR><BR>[Calls]<UL><LI><a href="#[41]">&gt;&gt;</a>&nbsp;&nbsp;&nbsp;_sys_exit
</UL>

<P><STRONG><a name="[2d]"></a>Reset_Handler</STRONG> (Thumb, 12 bytes, Stack size 0 bytes, startup_pac_keil.o(.text))

<P><STRONG><a name="[3]"></a>NMI_Handler</STRONG> (Thumb, 2 bytes, Stack size 0 bytes, startup_pac_keil.o(.text))
<BR><BR>[Calls]<UL><LI><a href="#[3]">&gt;&gt;</a>&nbsp;&nbsp;&nbsp;NMI_Handler
</UL>
<BR>[Called By]<UL><LI><a href="#[3]">&gt;&gt;</a>&nbsp;&nbsp;&nbsp;NMI_Handler
</UL>
<BR>[Address Reference Count : 1]<UL><LI> startup_pac_keil.o(RESET)
</UL>
<P><STRONG><a name="[4]"></a>HardFault_Handler</STRONG> (Thumb, 2 bytes, Stack size 0 bytes, startup_pac_keil.o(.text))
<BR><BR>[Calls]<UL><LI><a href="#[4]">&gt;&gt;</a>&nbsp;&nbsp;&nbsp;HardFault_Handler
</UL>
<BR>[Called By]<UL><LI><a href="#[4]">&gt;&gt;</a>&nbsp;&nbsp;&nbsp;HardFault_Handler
</UL>
<BR>[Address Reference Count : 1]<UL><LI> startup_pac_keil.o(RESET)
</UL>
<P><STRONG><a name="[5]"></a>MemManageFault_Handler</STRONG> (Thumb, 2 bytes, Stack size 0 bytes, startup_pac_keil.o(.text))
<BR><BR>[Calls]<UL><LI><a href="#[5]">&gt;&gt;</a>&nbsp;&nbsp;&nbsp;MemManageFault_Handler
</UL>
<BR>[Called By]<UL><LI><a href="#[5]">&gt;&gt;</a>&nbsp;&nbsp;&nbsp;MemManageFault_Handler
</UL>
<BR>[Address Reference Count : 1]<UL><LI> startup_pac_keil.o(RESET)
</UL>
<P><STRONG><a name="[6]"></a>BusFault_Handler</STRONG> (Thumb, 2 bytes, Stack size 0 bytes, startup_pac_keil.o(.text))
<BR><BR>[Calls]<UL><LI><a href="#[6]">&gt;&gt;</a>&nbsp;&nbsp;&nbsp;BusFault_Handler
</UL>
<BR>[Called By]<UL><LI><a href="#[6]">&gt;&gt;</a>&nbsp;&nbsp;&nbsp;BusFault_Handler
</UL>
<BR>[Address Reference Count : 1]<UL><LI> startup_pac_keil.o(RESET)
</UL>
<P><STRONG><a name="[7]"></a>UsageFault_Handler</STRONG> (Thumb, 2 bytes, Stack size 0 bytes, startup_pac_keil.o(.text))
<BR><BR>[Calls]<UL><LI><a href="#[7]">&gt;&gt;</a>&nbsp;&nbsp;&nbsp;UsageFault_Handler
</UL>
<BR>[Called By]<UL><LI><a href="#[7]">&gt;&gt;</a>&nbsp;&nbsp;&nbsp;UsageFault_Handler
</UL>
<BR>[Address Reference Count : 1]<UL><LI> startup_pac_keil.o(RESET)
</UL>
<P><STRONG><a name="[8]"></a>SVC_Handler</STRONG> (Thumb, 2 bytes, Stack size 0 bytes, startup_pac_keil.o(.text))
<BR><BR>[Calls]<UL><LI><a href="#[8]">&gt;&gt;</a>&nbsp;&nbsp;&nbsp;SVC_Handler
</UL>
<BR>[Called By]<UL><LI><a href="#[8]">&gt;&gt;</a>&nbsp;&nbsp;&nbsp;SVC_Handler
</UL>
<BR>[Address Reference Count : 1]<UL><LI> startup_pac_keil.o(RESET)
</UL>
<P><STRONG><a name="[31]"></a>DebugMon_Handler</STRONG> (Thumb, 2 bytes, Stack size 0 bytes, startup_pac_keil.o(.text), UNUSED, KEPT)
<BR><BR>[Calls]<UL><LI><a href="#[31]">&gt;&gt;</a>&nbsp;&nbsp;&nbsp;DebugMon_Handler
</UL>
<BR>[Called By]<UL><LI><a href="#[31]">&gt;&gt;</a>&nbsp;&nbsp;&nbsp;DebugMon_Handler
</UL>

<P><STRONG><a name="[9]"></a>PendSV_Handler</STRONG> (Thumb, 2 bytes, Stack size 0 bytes, startup_pac_keil.o(.text))
<BR><BR>[Calls]<UL><LI><a href="#[9]">&gt;&gt;</a>&nbsp;&nbsp;&nbsp;PendSV_Handler
</UL>
<BR>[Called By]<UL><LI><a href="#[9]">&gt;&gt;</a>&nbsp;&nbsp;&nbsp;PendSV_Handler
</UL>
<BR>[Address Reference Count : 1]<UL><LI> startup_pac_keil.o(RESET)
</UL>
<P><STRONG><a name="[a]"></a>SysTick_Handler</STRONG> (Thumb, 2 bytes, Stack size 0 bytes, startup_pac_keil.o(.text))
<BR><BR>[Calls]<UL><LI><a href="#[a]">&gt;&gt;</a>&nbsp;&nbsp;&nbsp;SysTick_Handler
</UL>
<BR>[Called By]<UL><LI><a href="#[a]">&gt;&gt;</a>&nbsp;&nbsp;&nbsp;SysTick_Handler
</UL>
<BR>[Address Reference Count : 1]<UL><LI> startup_pac_keil.o(RESET)
</UL>
<P><STRONG><a name="[f]"></a>ADC1_IRQHandler</STRONG> (Thumb, 0 bytes, Stack size 0 bytes, startup_pac_keil.o(.text))
<BR>[Address Reference Count : 1]<UL><LI> startup_pac_keil.o(RESET)
</UL>
<P><STRONG><a name="[10]"></a>ADC2_IRQHandler</STRONG> (Thumb, 0 bytes, Stack size 0 bytes, startup_pac_keil.o(.text))
<BR>[Address Reference Count : 1]<UL><LI> startup_pac_keil.o(RESET)
</UL>
<P><STRONG><a name="[11]"></a>ADC3_IRQHandler</STRONG> (Thumb, 0 bytes, Stack size 0 bytes, startup_pac_keil.o(.text))
<BR>[Address Reference Count : 1]<UL><LI> startup_pac_keil.o(RESET)
</UL>
<P><STRONG><a name="[e]"></a>ADC_IRQHandler</STRONG> (Thumb, 0 bytes, Stack size 0 bytes, startup_pac_keil.o(.text))
<BR>[Address Reference Count : 1]<UL><LI> startup_pac_keil.o(RESET)
</UL>
<P><STRONG><a name="[26]"></a>CAN_IRQHandler</STRONG> (Thumb, 0 bytes, Stack size 0 bytes, startup_pac_keil.o(.text))
<BR>[Address Reference Count : 1]<UL><LI> startup_pac_keil.o(RESET)
</UL>
<P><STRONG><a name="[29]"></a>CCS_IRQHandler</STRONG> (Thumb, 0 bytes, Stack size 0 bytes, startup_pac_keil.o(.text))
<BR>[Address Reference Count : 1]<UL><LI> startup_pac_keil.o(RESET)
</UL>
<P><STRONG><a name="[32]"></a>Default_Handler</STRONG> (Thumb, 2 bytes, Stack size 0 bytes, startup_pac_keil.o(.text), UNUSED, KEPT)
<BR><BR>[Calls]<UL><LI><a href="#[32]">&gt;&gt;</a>&nbsp;&nbsp;&nbsp;Default_Handler
</UL>
<BR>[Called By]<UL><LI><a href="#[32]">&gt;&gt;</a>&nbsp;&nbsp;&nbsp;Default_Handler
</UL>

<P><STRONG><a name="[27]"></a>GPTimerA_IRQHandler</STRONG> (Thumb, 0 bytes, Stack size 0 bytes, startup_pac_keil.o(.text))
<BR>[Address Reference Count : 1]<UL><LI> startup_pac_keil.o(RESET)
</UL>
<P><STRONG><a name="[28]"></a>GPTimerB_IRQHandler</STRONG> (Thumb, 0 bytes, Stack size 0 bytes, startup_pac_keil.o(.text))
<BR>[Address Reference Count : 1]<UL><LI> startup_pac_keil.o(RESET)
</UL>
<P><STRONG><a name="[1a]"></a>GpioA_IRQHandler</STRONG> (Thumb, 0 bytes, Stack size 0 bytes, startup_pac_keil.o(.text))
<BR>[Address Reference Count : 1]<UL><LI> startup_pac_keil.o(RESET)
</UL>
<P><STRONG><a name="[1b]"></a>GpioB_IRQHandler</STRONG> (Thumb, 0 bytes, Stack size 0 bytes, startup_pac_keil.o(.text))
<BR>[Address Reference Count : 1]<UL><LI> startup_pac_keil.o(RESET)
</UL>
<P><STRONG><a name="[1c]"></a>GpioC_IRQHandler</STRONG> (Thumb, 0 bytes, Stack size 0 bytes, startup_pac_keil.o(.text))
<BR>[Address Reference Count : 1]<UL><LI> startup_pac_keil.o(RESET)
</UL>
<P><STRONG><a name="[1d]"></a>GpioD_IRQHandler</STRONG> (Thumb, 0 bytes, Stack size 0 bytes, startup_pac_keil.o(.text))
<BR>[Address Reference Count : 1]<UL><LI> startup_pac_keil.o(RESET)
</UL>
<P><STRONG><a name="[1e]"></a>GpioE_IRQHandler</STRONG> (Thumb, 0 bytes, Stack size 0 bytes, startup_pac_keil.o(.text))
<BR>[Address Reference Count : 1]<UL><LI> startup_pac_keil.o(RESET)
</UL>
<P><STRONG><a name="[1f]"></a>GpioF_IRQHandler</STRONG> (Thumb, 0 bytes, Stack size 0 bytes, startup_pac_keil.o(.text))
<BR>[Address Reference Count : 1]<UL><LI> startup_pac_keil.o(RESET)
</UL>
<P><STRONG><a name="[20]"></a>GpioG_IRQHandler</STRONG> (Thumb, 0 bytes, Stack size 0 bytes, startup_pac_keil.o(.text))
<BR>[Address Reference Count : 1]<UL><LI> startup_pac_keil.o(RESET)
</UL>
<P><STRONG><a name="[21]"></a>I2C_IRQHandler</STRONG> (Thumb, 0 bytes, Stack size 0 bytes, startup_pac_keil.o(.text))
<BR>[Address Reference Count : 1]<UL><LI> startup_pac_keil.o(RESET)
</UL>
<P><STRONG><a name="[b]"></a>MemCtl_IRQHandler</STRONG> (Thumb, 0 bytes, Stack size 0 bytes, startup_pac_keil.o(.text))
<BR>[Address Reference Count : 1]<UL><LI> startup_pac_keil.o(RESET)
</UL>
<P><STRONG><a name="[16]"></a>QEPA_IRQHandler</STRONG> (Thumb, 0 bytes, Stack size 0 bytes, startup_pac_keil.o(.text))
<BR>[Address Reference Count : 1]<UL><LI> startup_pac_keil.o(RESET)
</UL>
<P><STRONG><a name="[17]"></a>QEPB_IRQHandler</STRONG> (Thumb, 0 bytes, Stack size 0 bytes, startup_pac_keil.o(.text))
<BR>[Address Reference Count : 1]<UL><LI> startup_pac_keil.o(RESET)
</UL>
<P><STRONG><a name="[18]"></a>QEPC_IRQHandler</STRONG> (Thumb, 0 bytes, Stack size 0 bytes, startup_pac_keil.o(.text))
<BR>[Address Reference Count : 1]<UL><LI> startup_pac_keil.o(RESET)
</UL>
<P><STRONG><a name="[19]"></a>QEPD_IRQHandler</STRONG> (Thumb, 0 bytes, Stack size 0 bytes, startup_pac_keil.o(.text))
<BR>[Address Reference Count : 1]<UL><LI> startup_pac_keil.o(RESET)
</UL>
<P><STRONG><a name="[d]"></a>RTC_IRQHandler</STRONG> (Thumb, 0 bytes, Stack size 0 bytes, startup_pac_keil.o(.text))
<BR>[Address Reference Count : 1]<UL><LI> startup_pac_keil.o(RESET)
</UL>
<P><STRONG><a name="[12]"></a>TimerA_IRQHandler</STRONG> (Thumb, 0 bytes, Stack size 0 bytes, startup_pac_keil.o(.text))
<BR>[Address Reference Count : 1]<UL><LI> startup_pac_keil.o(RESET)
</UL>
<P><STRONG><a name="[13]"></a>TimerB_IRQHandler</STRONG> (Thumb, 0 bytes, Stack size 0 bytes, startup_pac_keil.o(.text))
<BR>[Address Reference Count : 1]<UL><LI> startup_pac_keil.o(RESET)
</UL>
<P><STRONG><a name="[14]"></a>TimerC_IRQHandler</STRONG> (Thumb, 0 bytes, Stack size 0 bytes, startup_pac_keil.o(.text))
<BR>[Address Reference Count : 1]<UL><LI> startup_pac_keil.o(RESET)
</UL>
<P><STRONG><a name="[15]"></a>TimerD_IRQHandler</STRONG> (Thumb, 0 bytes, Stack size 0 bytes, startup_pac_keil.o(.text))
<BR>[Address Reference Count : 1]<UL><LI> startup_pac_keil.o(RESET)
</UL>
<P><STRONG><a name="[22]"></a>USARTA_IRQHandler</STRONG> (Thumb, 0 bytes, Stack size 0 bytes, startup_pac_keil.o(.text))
<BR>[Address Reference Count : 1]<UL><LI> startup_pac_keil.o(RESET)
</UL>
<P><STRONG><a name="[23]"></a>USARTB_IRQHandler</STRONG> (Thumb, 0 bytes, Stack size 0 bytes, startup_pac_keil.o(.text))
<BR>[Address Reference Count : 1]<UL><LI> startup_pac_keil.o(RESET)
</UL>
<P><STRONG><a name="[24]"></a>USARTC_IRQHandler</STRONG> (Thumb, 0 bytes, Stack size 0 bytes, startup_pac_keil.o(.text))
<BR>[Address Reference Count : 1]<UL><LI> startup_pac_keil.o(RESET)
</UL>
<P><STRONG><a name="[25]"></a>USARTD_IRQHandler</STRONG> (Thumb, 0 bytes, Stack size 0 bytes, startup_pac_keil.o(.text))
<BR>[Address Reference Count : 1]<UL><LI> startup_pac_keil.o(RESET)
</UL>
<P><STRONG><a name="[c]"></a>Wdt_IRQHandler</STRONG> (Thumb, 0 bytes, Stack size 0 bytes, startup_pac_keil.o(.text))
<BR>[Address Reference Count : 1]<UL><LI> startup_pac_keil.o(RESET)
</UL>
<P><STRONG><a name="[2f]"></a>__user_initial_stackheap</STRONG> (Thumb, 0 bytes, Stack size unknown bytes, startup_pac_keil.o(.text), UNUSED, KEPT)

<P><STRONG><a name="[30]"></a>pac_delay_asm</STRONG> (Thumb, 0 bytes, Stack size unknown bytes, startup_pac_keil.o(.text), UNUSED, KEPT)

<P><STRONG><a name="[66]"></a>__use_two_region_memory</STRONG> (Thumb, 2 bytes, Stack size 0 bytes, heapauxi.o(.text), UNUSED)

<P><STRONG><a name="[67]"></a>__rt_heap_escrow$2region</STRONG> (Thumb, 2 bytes, Stack size 0 bytes, heapauxi.o(.text), UNUSED)

<P><STRONG><a name="[68]"></a>__rt_heap_expand$2region</STRONG> (Thumb, 2 bytes, Stack size 0 bytes, heapauxi.o(.text), UNUSED)

<P><STRONG><a name="[3d]"></a>exit</STRONG> (Thumb, 18 bytes, Stack size 8 bytes, exit.o(.text))
<BR><BR>[Stack]<UL><LI>Max Depth = 8 + Unknown Stack Size
<LI>Call Chain = exit
</UL>
<BR>[Calls]<UL><LI><a href="#[42]">&gt;&gt;</a>&nbsp;&nbsp;&nbsp;__rt_exit
</UL>
<BR>[Called By]<UL><LI><a href="#[3b]">&gt;&gt;</a>&nbsp;&nbsp;&nbsp;__rt_entry_main
</UL>

<P><STRONG><a name="[41]"></a>_sys_exit</STRONG> (Thumb, 8 bytes, Stack size 0 bytes, sys_exit.o(.text))
<BR><BR>[Called By]<UL><LI><a href="#[40]">&gt;&gt;</a>&nbsp;&nbsp;&nbsp;__rt_exit_exit
</UL>

<P><STRONG><a name="[69]"></a>__I$use$semihosting</STRONG> (Thumb, 0 bytes, Stack size 0 bytes, use_no_semi.o(.text), UNUSED)

<P><STRONG><a name="[6a]"></a>__use_no_semihosting_swi</STRONG> (Thumb, 2 bytes, Stack size 0 bytes, use_no_semi.o(.text), UNUSED)

<P><STRONG><a name="[6b]"></a>__semihosting_library_function</STRONG> (Thumb, 0 bytes, Stack size unknown bytes, indicate_semi.o(.text), UNUSED)

<P><STRONG><a name="[2b]"></a>SystemInit</STRONG> (Thumb, 20 bytes, Stack size 0 bytes, system_pac.o(i.SystemInit))
<BR>[Address Reference Count : 1]<UL><LI> startup_pac_keil.o(.text)
</UL>
<P><STRONG><a name="[3c]"></a>main</STRONG> (Thumb, 4 bytes, Stack size 0 bytes, main.o(i.main))
<BR><BR>[Called By]<UL><LI><a href="#[3b]">&gt;&gt;</a>&nbsp;&nbsp;&nbsp;__rt_entry_main
</UL>

<P><STRONG><a name="[2a]"></a>pac_recovery</STRONG> (Thumb, 2 bytes, Stack size 0 bytes, pac_driver_system.o(i.pac_recovery))
<BR>[Address Reference Count : 1]<UL><LI> startup_pac_keil.o(.text)
</UL>
<P><STRONG><a name="[38]"></a>_fp_init</STRONG> (Thumb, 10 bytes, Stack size 0 bytes, fpinit.o(x$fpl$fpinit))
<BR><BR>[Called By]<UL><LI><a href="#[37]">&gt;&gt;</a>&nbsp;&nbsp;&nbsp;__rt_lib_init_fp_1
</UL>

<P><STRONG><a name="[6c]"></a>__fplib_config_fpu_vfp</STRONG> (Thumb, 0 bytes, Stack size unknown bytes, fpinit.o(x$fpl$fpinit), UNUSED)

<P><STRONG><a name="[6d]"></a>__fplib_config_pureend_doubles</STRONG> (Thumb, 0 bytes, Stack size unknown bytes, fpinit.o(x$fpl$fpinit), UNUSED)
<P>
<H3>
Local Symbols
</H3><P>
<H3>
Undefined Global Symbols
</H3><HR></body></html>
