<html>
<body>
<pre>
<h1>µVision Build Log</h1>
<h2>Tool Versions:</h2>
IDE-Version: ¦ÌVision V5.26.2.0
Copyright (C) 2018 ARM Ltd and ARM Germany GmbH. All rights reserved.
License Information: Zhicheng Tan, Qorvo, LIC=----
 
Tool Versions:
Toolchain:       MDK-Lite  Version: 5.26.2.0
Toolchain Path:  C:\01_Tim\01_Qorvo\02_professional_software\02_KEIL\director526\ARM\ARMCC\Bin
C Compiler:      Armcc.exe V5.06 update 6 (build 750)
Assembler:       Armasm.exe V5.06 update 6 (build 750)
Linker/Locator:  ArmLink.exe V5.06 update 6 (build 750)
Library Manager: ArmAr.exe V5.06 update 6 (build 750)
Hex Converter:   FromElf.exe V5.06 update 6 (build 750)
CPU DLL:         SARMCM3.DLL V5.26.2.0
Dialog DLL:      DCM.DLL V1.17.2.0
Target DLL:      UL2CM3.DLL V1.161.6.0
Dialog DLL:      TCM.DLL V1.36.1.0
 
<h2>Project:</h2>
C:\02_git\02_development\06_qorvo_m4f_project\mdk_project\qorvo_m4f_proj.uvprojx
Project File Date:  11/11/2025

<h2>Output:</h2>
*** Using Compiler 'V5.06 update 6 (build 750)', folder: 'C:\01_Tim\01_Qorvo\02_professional_software\02_KEIL\director526\ARM\ARMCC\Bin'
Rebuild target 'pac25140_proj'
assembling startup_pac_keil.s...
compiling pac_driver_system.c...
compiling pac_driver_socbridge.c...
compiling pac_driver_tile_socbridge.c...
compiling pac_driver_gpio.c...
compiling pac_driver_timer.c...
compiling system_pac.c...
compiling pac_driver_adc.c...
compiling pac_driver_can.c...
compiling main.c...
compiling pac_driver_uart.c...
linking...
Program Size: Code=332 RO-data=220 RW-data=8 ZI-data=768  
".\Objects\qorvo_m4f_proj.axf" - 0 Error(s), 0 Warning(s).

<h2>Software Packages used:</h2>

Package Vendor: Active-Semi
                http://www.qorvo.com/extra/keil_pack/Active-Semi.PAC55XX.1.1.0.pack
                Active-Semi.PAC55XX.1.1.0
                PAC55XX Family of Power Application Controllers

<h2>Collection of Component include folders:</h2>
  .\RTE\_pac25140_proj
  C:\01_Tim\01_Qorvo\02_professional_software\02_KEIL\director526\ARM\PACK\Active-Semi\PAC55XX\1.1.0\Device\Include

<h2>Collection of Component Files used:</h2>
Build Time Elapsed:  00:00:04
</pre>
</body>
</html>
