Component: ARM Compiler 5.06 update 6 (build 750) Tool: armlink [4d35ed]

==============================================================================

Section Cross References

    startup_pac_keil.o(STACK) refers (Special) to heapauxi.o(.text) for __use_two_region_memory
    startup_pac_keil.o(HEAP) refers (Special) to heapauxi.o(.text) for __use_two_region_memory
    startup_pac_keil.o(RESET) refers (Special) to heapauxi.o(.text) for __use_two_region_memory
    startup_pac_keil.o(RESET) refers to startup_pac_keil.o(STACK) for __initial_sp
    startup_pac_keil.o(RESET) refers to startup_pac_keil.o(.text) for Reset_Handler
    startup_pac_keil.o(.text) refers (Special) to heapauxi.o(.text) for __use_two_region_memory
    startup_pac_keil.o(.text) refers to pac_driver_system.o(i.pac_recovery) for pac_recovery
    startup_pac_keil.o(.text) refers to system_pac.o(i.SystemInit) for SystemInit
    startup_pac_keil.o(.text) refers to __main.o(!!!main) for __main
    startup_pac_keil.o(.text) refers to startup_pac_keil.o(HEAP) for Heap_Mem
    startup_pac_keil.o(.text) refers to startup_pac_keil.o(STACK) for Stack_Mem
    startup_pac_keil.o(text) refers (Special) to heapauxi.o(.text) for __use_two_region_memory
    system_pac.o(i.SystemCoreClockUpdate) refers to system_pac.o(.data) for SystemExternalClock
    system_pac.o(i.SystemExternalClockUpdate) refers to system_pac.o(.data) for SystemExternalClock
    system_pac.o(i.SystemInit) refers to system_pac.o(.data) for SystemCoreClock
    pac_driver_gpio.o(i.pac_gpio_configure_interrupt_a) refers to pac_driver_gpio.o(i.NVIC_EnableIRQ) for NVIC_EnableIRQ
    pac_driver_gpio.o(i.pac_gpio_configure_interrupt_b) refers to pac_driver_gpio.o(i.NVIC_EnableIRQ) for NVIC_EnableIRQ
    pac_driver_gpio.o(i.pac_gpio_configure_interrupt_c) refers to pac_driver_gpio.o(i.NVIC_EnableIRQ) for NVIC_EnableIRQ
    pac_driver_gpio.o(i.pac_gpio_configure_interrupt_d) refers to pac_driver_gpio.o(i.NVIC_EnableIRQ) for NVIC_EnableIRQ
    pac_driver_gpio.o(i.pac_gpio_configure_interrupt_e) refers to pac_driver_gpio.o(i.NVIC_EnableIRQ) for NVIC_EnableIRQ
    pac_driver_gpio.o(i.pac_gpio_configure_interrupt_f) refers to pac_driver_gpio.o(i.NVIC_EnableIRQ) for NVIC_EnableIRQ
    pac_driver_gpio.o(i.pac_gpio_configure_interrupt_g) refers to pac_driver_gpio.o(i.NVIC_EnableIRQ) for NVIC_EnableIRQ
    pac_driver_tile_socbridge.o(i.pac_tile_register_write_bit) refers to pac_driver_tile_socbridge.o(i.pac_tile_register_read) for pac_tile_register_read
    pac_driver_tile_socbridge.o(i.pac_tile_register_write_bit) refers to pac_driver_tile_socbridge.o(i.pac_tile_register_write) for pac_tile_register_write
    pac_driver_tile_socbridge.o(i.pac_tile_register_write_bits) refers to pac_driver_tile_socbridge.o(i.pac_tile_register_read) for pac_tile_register_read
    pac_driver_tile_socbridge.o(i.pac_tile_register_write_bits) refers to pac_driver_tile_socbridge.o(i.pac_tile_register_write) for pac_tile_register_write
    pac_driver_tile_socbridge.o(i.pac_tile_socbridge_config) refers to pac_driver_socbridge.o(i.pac_socbridge_config) for pac_socbridge_config
    pac_driver_tile_socbridge.o(i.pac_tile_socbridge_config) refers to pac_driver_socbridge.o(i.pac_socbridge_config_io) for pac_socbridge_config_io
    __main.o(!!!main) refers to __rtentry.o(.ARM.Collect$$rtentry$$00000000) for __rt_entry
    __rtentry.o(.ARM.Collect$$rtentry$$00000000) refers (Special) to __rtentry2.o(.ARM.Collect$$rtentry$$0000000A) for __rt_entry_li
    __rtentry.o(.ARM.Collect$$rtentry$$00000000) refers (Special) to __rtentry2.o(.ARM.Collect$$rtentry$$0000000D) for __rt_entry_main
    __rtentry.o(.ARM.Collect$$rtentry$$00000000) refers (Special) to __rtentry2.o(.ARM.Collect$$rtentry$$0000000C) for __rt_entry_postli_1
    __rtentry.o(.ARM.Collect$$rtentry$$00000000) refers (Special) to __rtentry2.o(.ARM.Collect$$rtentry$$00000009) for __rt_entry_postsh_1
    __rtentry.o(.ARM.Collect$$rtentry$$00000000) refers (Special) to __rtentry2.o(.ARM.Collect$$rtentry$$00000002) for __rt_entry_presh_1
    __rtentry.o(.ARM.Collect$$rtentry$$00000000) refers (Special) to __rtentry5.o(.ARM.Collect$$rtentry$$00000005) for __rt_entry_sh
    __rtentry2.o(.ARM.Collect$$rtentry$$00000008) refers to boardinit2.o(.text) for _platform_post_stackheap_init
    __rtentry2.o(.ARM.Collect$$rtentry$$0000000A) refers to libinit.o(.ARM.Collect$$libinit$$00000000) for __rt_lib_init
    __rtentry2.o(.ARM.Collect$$rtentry$$0000000B) refers to boardinit3.o(.text) for _platform_post_lib_init
    __rtentry2.o(.ARM.Collect$$rtentry$$0000000D) refers to main.o(i.main) for main
    __rtentry2.o(.ARM.Collect$$rtentry$$0000000D) refers to exit.o(.text) for exit
    __rtentry2.o(.ARM.exidx) refers to __rtentry2.o(.ARM.Collect$$rtentry$$00000001) for .ARM.Collect$$rtentry$$00000001
    __rtentry2.o(.ARM.exidx) refers to __rtentry2.o(.ARM.Collect$$rtentry$$00000008) for .ARM.Collect$$rtentry$$00000008
    __rtentry2.o(.ARM.exidx) refers to __rtentry2.o(.ARM.Collect$$rtentry$$0000000A) for .ARM.Collect$$rtentry$$0000000A
    __rtentry2.o(.ARM.exidx) refers to __rtentry2.o(.ARM.Collect$$rtentry$$0000000B) for .ARM.Collect$$rtentry$$0000000B
    __rtentry2.o(.ARM.exidx) refers to __rtentry2.o(.ARM.Collect$$rtentry$$0000000D) for .ARM.Collect$$rtentry$$0000000D
    __rtentry4.o(.ARM.Collect$$rtentry$$00000004) refers to sys_stackheap_outer.o(.text) for __user_setup_stackheap
    __rtentry4.o(.ARM.exidx) refers to __rtentry4.o(.ARM.Collect$$rtentry$$00000004) for .ARM.Collect$$rtentry$$00000004
    __rtentry5.o(.ARM.Collect$$rtentry$$00000005) refers to __rtentry5.o(.ARM.Collect$$rtentry$$00002716) for __lit__00000000
    __rtentry5.o(.ARM.Collect$$rtentry$$00002716) refers to startup_pac_keil.o(STACK) for __initial_sp
    __rtentry5.o(__vectab_stack_and_reset_sym_area) refers to startup_pac_keil.o(STACK) for __initial_sp
    __rtentry5.o(__vectab_stack_and_reset_sym_area) refers to __main.o(!!!main) for __main
    __rtentry5.o(.ARM.exidx) refers to __rtentry5.o(.ARM.Collect$$rtentry$$00000005) for .ARM.Collect$$rtentry$$00000005
    __rtentry5.o(.ARM.exidx) refers to __rtentry5.o(.ARM.Collect$$rtentry$$00002716) for .ARM.Collect$$rtentry$$00002716
    sys_stackheap_outer.o(.text) refers to libspace.o(.text) for __user_perproc_libspace
    sys_stackheap_outer.o(.text) refers to startup_pac_keil.o(.text) for __user_initial_stackheap
    exit.o(.text) refers to rtexit.o(.ARM.Collect$$rtexit$$00000000) for __rt_exit
    libinit.o(.ARM.Collect$$libinit$$00000000) refers (Special) to libinit2.o(.ARM.Collect$$libinit$$0000002E) for __rt_lib_init_alloca_1
    libinit.o(.ARM.Collect$$libinit$$00000000) refers (Special) to libinit2.o(.ARM.Collect$$libinit$$0000002C) for __rt_lib_init_argv_1
    libinit.o(.ARM.Collect$$libinit$$00000000) refers (Special) to libinit2.o(.ARM.Collect$$libinit$$0000001B) for __rt_lib_init_atexit_1
    libinit.o(.ARM.Collect$$libinit$$00000000) refers (Special) to libinit2.o(.ARM.Collect$$libinit$$00000021) for __rt_lib_init_clock_1
    libinit.o(.ARM.Collect$$libinit$$00000000) refers (Special) to libinit2.o(.ARM.Collect$$libinit$$00000032) for __rt_lib_init_cpp_1
    libinit.o(.ARM.Collect$$libinit$$00000000) refers (Special) to libinit2.o(.ARM.Collect$$libinit$$00000030) for __rt_lib_init_exceptions_1
    libinit.o(.ARM.Collect$$libinit$$00000000) refers (Special) to libinit2.o(.ARM.Collect$$libinit$$00000001) for __rt_lib_init_fp_1
    libinit.o(.ARM.Collect$$libinit$$00000000) refers (Special) to libinit2.o(.ARM.Collect$$libinit$$0000001F) for __rt_lib_init_fp_trap_1
    libinit.o(.ARM.Collect$$libinit$$00000000) refers (Special) to libinit2.o(.ARM.Collect$$libinit$$00000023) for __rt_lib_init_getenv_1
    libinit.o(.ARM.Collect$$libinit$$00000000) refers (Special) to libinit2.o(.ARM.Collect$$libinit$$0000000A) for __rt_lib_init_heap_1
    libinit.o(.ARM.Collect$$libinit$$00000000) refers (Special) to libinit2.o(.ARM.Collect$$libinit$$00000011) for __rt_lib_init_lc_collate_1
    libinit.o(.ARM.Collect$$libinit$$00000000) refers (Special) to libinit2.o(.ARM.Collect$$libinit$$00000013) for __rt_lib_init_lc_ctype_1
    libinit.o(.ARM.Collect$$libinit$$00000000) refers (Special) to libinit2.o(.ARM.Collect$$libinit$$00000015) for __rt_lib_init_lc_monetary_1
    libinit.o(.ARM.Collect$$libinit$$00000000) refers (Special) to libinit2.o(.ARM.Collect$$libinit$$00000017) for __rt_lib_init_lc_numeric_1
    libinit.o(.ARM.Collect$$libinit$$00000000) refers (Special) to libinit2.o(.ARM.Collect$$libinit$$00000019) for __rt_lib_init_lc_time_1
    libinit.o(.ARM.Collect$$libinit$$00000000) refers (Special) to libinit2.o(.ARM.Collect$$libinit$$00000004) for __rt_lib_init_preinit_1
    libinit.o(.ARM.Collect$$libinit$$00000000) refers (Special) to libinit2.o(.ARM.Collect$$libinit$$0000000E) for __rt_lib_init_rand_1
    libinit.o(.ARM.Collect$$libinit$$00000000) refers (Special) to libinit2.o(.ARM.Collect$$libinit$$00000033) for __rt_lib_init_return
    libinit.o(.ARM.Collect$$libinit$$00000000) refers (Special) to libinit2.o(.ARM.Collect$$libinit$$0000001D) for __rt_lib_init_signal_1
    libinit.o(.ARM.Collect$$libinit$$00000000) refers (Special) to libinit2.o(.ARM.Collect$$libinit$$00000025) for __rt_lib_init_stdio_1
    libinit.o(.ARM.Collect$$libinit$$00000000) refers (Special) to libinit2.o(.ARM.Collect$$libinit$$0000000C) for __rt_lib_init_user_alloc_1
    libspace.o(.text) refers to libspace.o(.bss) for __libspace_start
    rtexit.o(.ARM.Collect$$rtexit$$00000000) refers (Special) to rtexit2.o(.ARM.Collect$$rtexit$$00000004) for __rt_exit_exit
    rtexit.o(.ARM.Collect$$rtexit$$00000000) refers (Special) to rtexit2.o(.ARM.Collect$$rtexit$$00000003) for __rt_exit_ls
    rtexit.o(.ARM.Collect$$rtexit$$00000000) refers (Special) to rtexit2.o(.ARM.Collect$$rtexit$$00000002) for __rt_exit_prels_1
    rtexit.o(.ARM.exidx) refers (Special) to rtexit2.o(.ARM.Collect$$rtexit$$00000004) for __rt_exit_exit
    rtexit.o(.ARM.exidx) refers (Special) to rtexit2.o(.ARM.Collect$$rtexit$$00000003) for __rt_exit_ls
    rtexit.o(.ARM.exidx) refers (Special) to rtexit2.o(.ARM.Collect$$rtexit$$00000002) for __rt_exit_prels_1
    rtexit.o(.ARM.exidx) refers to rtexit.o(.ARM.Collect$$rtexit$$00000000) for .ARM.Collect$$rtexit$$00000000
    libinit2.o(.ARM.Collect$$libinit$$00000001) refers to fpinit.o(x$fpl$fpinit) for _fp_init
    libinit2.o(.ARM.Collect$$libinit$$00000010) refers to libinit2.o(.ARM.Collect$$libinit$$0000000F) for .ARM.Collect$$libinit$$0000000F
    libinit2.o(.ARM.Collect$$libinit$$00000012) refers to libinit2.o(.ARM.Collect$$libinit$$0000000F) for .ARM.Collect$$libinit$$0000000F
    libinit2.o(.ARM.Collect$$libinit$$00000014) refers to libinit2.o(.ARM.Collect$$libinit$$0000000F) for .ARM.Collect$$libinit$$0000000F
    libinit2.o(.ARM.Collect$$libinit$$00000016) refers to libinit2.o(.ARM.Collect$$libinit$$0000000F) for .ARM.Collect$$libinit$$0000000F
    libinit2.o(.ARM.Collect$$libinit$$00000018) refers to libinit2.o(.ARM.Collect$$libinit$$0000000F) for .ARM.Collect$$libinit$$0000000F
    libinit2.o(.ARM.Collect$$libinit$$00000026) refers to argv_veneer.o(.emb_text) for __ARM_argv_veneer
    libinit2.o(.ARM.Collect$$libinit$$00000027) refers to argv_veneer.o(.emb_text) for __ARM_argv_veneer
    rtexit2.o(.ARM.Collect$$rtexit$$00000003) refers to libshutdown.o(.ARM.Collect$$libshutdown$$00000000) for __rt_lib_shutdown
    rtexit2.o(.ARM.Collect$$rtexit$$00000004) refers to sys_exit.o(.text) for _sys_exit
    rtexit2.o(.ARM.exidx) refers to rtexit2.o(.ARM.Collect$$rtexit$$00000001) for .ARM.Collect$$rtexit$$00000001
    rtexit2.o(.ARM.exidx) refers to rtexit2.o(.ARM.Collect$$rtexit$$00000003) for .ARM.Collect$$rtexit$$00000003
    rtexit2.o(.ARM.exidx) refers to rtexit2.o(.ARM.Collect$$rtexit$$00000004) for .ARM.Collect$$rtexit$$00000004
    argv_veneer.o(.emb_text) refers to no_argv.o(.text) for __ARM_get_argv
    sys_exit.o(.text) refers (Special) to use_no_semi.o(.text) for __I$use$semihosting
    sys_exit.o(.text) refers (Special) to indicate_semi.o(.text) for __semihosting_library_function
    _get_argv_nomalloc.o(.text) refers (Special) to hrguard.o(.text) for __heap_region$guard
    _get_argv_nomalloc.o(.text) refers to defsig_rtmem_outer.o(.text) for __rt_SIGRTMEM
    _get_argv_nomalloc.o(.text) refers to sys_command.o(.text) for _sys_command_string
    libshutdown.o(.ARM.Collect$$libshutdown$$00000000) refers (Special) to libshutdown2.o(.ARM.Collect$$libshutdown$$00000002) for __rt_lib_shutdown_cpp_1
    libshutdown.o(.ARM.Collect$$libshutdown$$00000000) refers (Special) to libshutdown2.o(.ARM.Collect$$libshutdown$$00000007) for __rt_lib_shutdown_fp_trap_1
    libshutdown.o(.ARM.Collect$$libshutdown$$00000000) refers (Special) to libshutdown2.o(.ARM.Collect$$libshutdown$$0000000F) for __rt_lib_shutdown_heap_1
    libshutdown.o(.ARM.Collect$$libshutdown$$00000000) refers (Special) to libshutdown2.o(.ARM.Collect$$libshutdown$$00000010) for __rt_lib_shutdown_return
    libshutdown.o(.ARM.Collect$$libshutdown$$00000000) refers (Special) to libshutdown2.o(.ARM.Collect$$libshutdown$$0000000A) for __rt_lib_shutdown_signal_1
    libshutdown.o(.ARM.Collect$$libshutdown$$00000000) refers (Special) to libshutdown2.o(.ARM.Collect$$libshutdown$$00000004) for __rt_lib_shutdown_stdio_1
    libshutdown.o(.ARM.Collect$$libshutdown$$00000000) refers (Special) to libshutdown2.o(.ARM.Collect$$libshutdown$$0000000C) for __rt_lib_shutdown_user_alloc_1
    sys_command.o(.text) refers (Special) to use_no_semi.o(.text) for __I$use$semihosting
    sys_command.o(.text) refers (Special) to indicate_semi.o(.text) for __semihosting_library_function
    defsig_rtmem_outer.o(.text) refers to defsig_rtmem_inner.o(.text) for __rt_SIGRTMEM_inner
    defsig_rtmem_outer.o(.text) refers to defsig_exit.o(.text) for __sig_exit
    defsig_rtmem_formal.o(.text) refers to rt_raise.o(.text) for __rt_raise
    rt_raise.o(.text) refers to __raise.o(.text) for __raise
    rt_raise.o(.text) refers to sys_exit.o(.text) for _sys_exit
    defsig_exit.o(.text) refers to sys_exit.o(.text) for _sys_exit
    defsig_rtmem_inner.o(.text) refers to defsig_general.o(.text) for __default_signal_display
    __raise.o(.text) refers to defsig.o(CL$$defsig) for __default_signal_handler
    defsig_general.o(.text) refers to sys_wrch.o(.text) for _ttywrch
    sys_wrch.o(.text) refers (Special) to use_no_semi.o(.text) for __I$use$semihosting
    sys_wrch.o(.text) refers (Special) to indicate_semi.o(.text) for __semihosting_library_function
    defsig.o(CL$$defsig) refers to defsig_rtmem_inner.o(.text) for __rt_SIGRTMEM_inner
    defsig_abrt_inner.o(.text) refers to defsig_general.o(.text) for __default_signal_display
    defsig_fpe_inner.o(.text) refers to defsig_general.o(.text) for __default_signal_display
    defsig_rtred_inner.o(.text) refers to defsig_general.o(.text) for __default_signal_display
    defsig_stak_inner.o(.text) refers to defsig_general.o(.text) for __default_signal_display
    defsig_pvfn_inner.o(.text) refers to defsig_general.o(.text) for __default_signal_display
    defsig_cppl_inner.o(.text) refers to defsig_general.o(.text) for __default_signal_display
    defsig_segv_inner.o(.text) refers to defsig_general.o(.text) for __default_signal_display
    defsig_other.o(.text) refers to defsig_general.o(.text) for __default_signal_display


==============================================================================

Removing Unused input sections from the image.

    Removing startup_pac_keil.o(text), (14 bytes).
    Removing system_pac.o(.rev16_text), (4 bytes).
    Removing system_pac.o(.revsh_text), (4 bytes).
    Removing system_pac.o(i.SystemCoreClockUpdate), (168 bytes).
    Removing system_pac.o(i.SystemExternalClockUpdate), (12 bytes).
    Removing pac_driver_adc.o(.rev16_text), (4 bytes).
    Removing pac_driver_adc.o(.revsh_text), (4 bytes).
    Removing pac_driver_adc.o(i.pac_adc_config), (40 bytes).
    Removing pac_driver_adc.o(i.pac_adc_config_emux_io), (64 bytes).
    Removing pac_driver_adc.o(i.pac_adc_config_io), (300 bytes).
    Removing pac_driver_adc.o(i.pac_adc_emux_config), (28 bytes).
    Removing pac_driver_adc.o(i.pac_dtse_seq_config), (88 bytes).
    Removing pac_driver_adc.o(i.pac_dtse_seq_config_table), (94 bytes).
    Removing pac_driver_can.o(.rev16_text), (4 bytes).
    Removing pac_driver_can.o(.revsh_text), (4 bytes).
    Removing pac_driver_can.o(i.pac_can_io_config), (80 bytes).
    Removing pac_driver_gpio.o(.rev16_text), (4 bytes).
    Removing pac_driver_gpio.o(.revsh_text), (4 bytes).
    Removing pac_driver_gpio.o(i.NVIC_EnableIRQ), (22 bytes).
    Removing pac_driver_gpio.o(i.pac_gpio_configure_interrupt_a), (928 bytes).
    Removing pac_driver_gpio.o(i.pac_gpio_configure_interrupt_b), (928 bytes).
    Removing pac_driver_gpio.o(i.pac_gpio_configure_interrupt_c), (928 bytes).
    Removing pac_driver_gpio.o(i.pac_gpio_configure_interrupt_d), (752 bytes).
    Removing pac_driver_gpio.o(i.pac_gpio_configure_interrupt_e), (928 bytes).
    Removing pac_driver_gpio.o(i.pac_gpio_configure_interrupt_f), (928 bytes).
    Removing pac_driver_gpio.o(i.pac_gpio_configure_interrupt_g), (928 bytes).
    Removing pac_driver_socbridge.o(.rev16_text), (4 bytes).
    Removing pac_driver_socbridge.o(.revsh_text), (4 bytes).
    Removing pac_driver_socbridge.o(i.pac_socbridge_config), (240 bytes).
    Removing pac_driver_socbridge.o(i.pac_socbridge_config_io), (100 bytes).
    Removing pac_driver_system.o(.rev16_text), (4 bytes).
    Removing pac_driver_system.o(.revsh_text), (4 bytes).
    Removing pac_driver_system.o(i.pac_sys_pll_config_enable), (76 bytes).
    Removing pac_driver_tile_socbridge.o(.rev16_text), (4 bytes).
    Removing pac_driver_tile_socbridge.o(.revsh_text), (4 bytes).
    Removing pac_driver_tile_socbridge.o(i.pac_tile_register_read), (56 bytes).
    Removing pac_driver_tile_socbridge.o(i.pac_tile_register_write), (80 bytes).
    Removing pac_driver_tile_socbridge.o(i.pac_tile_register_write_bit), (38 bytes).
    Removing pac_driver_tile_socbridge.o(i.pac_tile_register_write_bits), (40 bytes).
    Removing pac_driver_tile_socbridge.o(i.pac_tile_socbridge_config), (20 bytes).
    Removing pac_driver_timer.o(.rev16_text), (4 bytes).
    Removing pac_driver_timer.o(.revsh_text), (4 bytes).
    Removing pac_driver_timer.o(i.pac_dtg_config2), (30 bytes).
    Removing pac_driver_timer.o(i.pac_timer_base_config), (88 bytes).
    Removing pac_driver_timer.o(i.pac_timer_clock_config), (76 bytes).
    Removing pac_driver_timer.o(i.timer_ccr_to_handle2), (436 bytes).
    Removing pac_driver_uart.o(.rev16_text), (4 bytes).
    Removing pac_driver_uart.o(.revsh_text), (4 bytes).
    Removing pac_driver_uart.o(i.pac_uart_config_LCR2), (48 bytes).
    Removing pac_driver_uart.o(i.pac_uart_config_divisor_latch2), (4 bytes).
    Removing pac_driver_uart.o(i.pac_uart_io_config2), (80 bytes).

51 unused section(s) (total 8714 bytes) removed from the image.

==============================================================================

Image Symbol Table

    Local Symbols

    Symbol Name                              Value     Ov Type        Size  Object(Section)

    RESET                                    0x00000000   Section      188  startup_pac_keil.o(RESET)
    ../clib/angel/boardlib.s                 0x00000000   Number         0  boardinit3.o ABSOLUTE
    ../clib/angel/boardlib.s                 0x00000000   Number         0  boardinit2.o ABSOLUTE
    ../clib/angel/boardlib.s                 0x00000000   Number         0  boardinit1.o ABSOLUTE
    ../clib/angel/boardlib.s                 0x00000000   Number         0  boardshut.o ABSOLUTE
    ../clib/angel/handlers.s                 0x00000000   Number         0  __scatter_zi.o ABSOLUTE
    ../clib/angel/handlers.s                 0x00000000   Number         0  __scatter_copy.o ABSOLUTE
    ../clib/angel/kernel.s                   0x00000000   Number         0  __rtentry5.o ABSOLUTE
    ../clib/angel/kernel.s                   0x00000000   Number         0  __rtentry4.o ABSOLUTE
    ../clib/angel/kernel.s                   0x00000000   Number         0  __rtentry2.o ABSOLUTE
    ../clib/angel/kernel.s                   0x00000000   Number         0  __rtentry.o ABSOLUTE
    ../clib/angel/kernel.s                   0x00000000   Number         0  rtexit2.o ABSOLUTE
    ../clib/angel/kernel.s                   0x00000000   Number         0  rtexit.o ABSOLUTE
    ../clib/angel/rt.s                       0x00000000   Number         0  rt_raise.o ABSOLUTE
    ../clib/angel/scatter.s                  0x00000000   Number         0  __scatter.o ABSOLUTE
    ../clib/angel/startup.s                  0x00000000   Number         0  __main.o ABSOLUTE
    ../clib/angel/sys.s                      0x00000000   Number         0  libspace.o ABSOLUTE
    ../clib/angel/sys.s                      0x00000000   Number         0  sys_stackheap_outer.o ABSOLUTE
    ../clib/angel/sys.s                      0x00000000   Number         0  indicate_semi.o ABSOLUTE
    ../clib/angel/sys.s                      0x00000000   Number         0  use_no_semi.o ABSOLUTE
    ../clib/angel/sysapp.c                   0x00000000   Number         0  sys_command.o ABSOLUTE
    ../clib/angel/sysapp.c                   0x00000000   Number         0  sys_wrch.o ABSOLUTE
    ../clib/angel/sysapp.c                   0x00000000   Number         0  sys_exit.o ABSOLUTE
    ../clib/armsys.c                         0x00000000   Number         0  _get_argv_nomalloc.o ABSOLUTE
    ../clib/armsys.c                         0x00000000   Number         0  argv_veneer.o ABSOLUTE
    ../clib/armsys.c                         0x00000000   Number         0  argv_veneer.o ABSOLUTE
    ../clib/armsys.c                         0x00000000   Number         0  no_argv.o ABSOLUTE
    ../clib/heapalloc.c                      0x00000000   Number         0  hrguard.o ABSOLUTE
    ../clib/heapaux.c                        0x00000000   Number         0  heapauxi.o ABSOLUTE
    ../clib/libinit.s                        0x00000000   Number         0  libshutdown2.o ABSOLUTE
    ../clib/libinit.s                        0x00000000   Number         0  libshutdown.o ABSOLUTE
    ../clib/libinit.s                        0x00000000   Number         0  libinit.o ABSOLUTE
    ../clib/libinit.s                        0x00000000   Number         0  libinit2.o ABSOLUTE
    ../clib/signal.c                         0x00000000   Number         0  defsig_cppl_inner.o ABSOLUTE
    ../clib/signal.c                         0x00000000   Number         0  defsig_pvfn_inner.o ABSOLUTE
    ../clib/signal.c                         0x00000000   Number         0  defsig_stak_inner.o ABSOLUTE
    ../clib/signal.c                         0x00000000   Number         0  defsig_rtred_inner.o ABSOLUTE
    ../clib/signal.c                         0x00000000   Number         0  defsig_fpe_inner.o ABSOLUTE
    ../clib/signal.c                         0x00000000   Number         0  defsig_abrt_inner.o ABSOLUTE
    ../clib/signal.c                         0x00000000   Number         0  defsig_general.o ABSOLUTE
    ../clib/signal.c                         0x00000000   Number         0  defsig_exit.o ABSOLUTE
    ../clib/signal.c                         0x00000000   Number         0  defsig_rtmem_inner.o ABSOLUTE
    ../clib/signal.c                         0x00000000   Number         0  defsig_other.o ABSOLUTE
    ../clib/signal.c                         0x00000000   Number         0  __raise.o ABSOLUTE
    ../clib/signal.c                         0x00000000   Number         0  defsig_rtmem_formal.o ABSOLUTE
    ../clib/signal.c                         0x00000000   Number         0  defsig_segv_inner.o ABSOLUTE
    ../clib/signal.c                         0x00000000   Number         0  defsig_rtmem_outer.o ABSOLUTE
    ../clib/signal.s                         0x00000000   Number         0  defsig.o ABSOLUTE
    ../clib/stdlib.c                         0x00000000   Number         0  exit.o ABSOLUTE
    ../fplib/fpinit.s                        0x00000000   Number         0  fpinit.o ABSOLUTE
    ..\\sdk\\boot_keil\\system_pac.c         0x00000000   Number         0  system_pac.o ABSOLUTE
    ..\\sdk\\driver\\pac_driver_adc.c        0x00000000   Number         0  pac_driver_adc.o ABSOLUTE
    ..\\sdk\\driver\\pac_driver_can.c        0x00000000   Number         0  pac_driver_can.o ABSOLUTE
    ..\\sdk\\driver\\pac_driver_gpio.c       0x00000000   Number         0  pac_driver_gpio.o ABSOLUTE
    ..\\sdk\\driver\\pac_driver_socbridge.c  0x00000000   Number         0  pac_driver_socbridge.o ABSOLUTE
    ..\\sdk\\driver\\pac_driver_system.c     0x00000000   Number         0  pac_driver_system.o ABSOLUTE
    ..\\sdk\\driver\\pac_driver_tile_socbridge.c 0x00000000   Number         0  pac_driver_tile_socbridge.o ABSOLUTE
    ..\\sdk\\driver\\pac_driver_timer.c      0x00000000   Number         0  pac_driver_timer.o ABSOLUTE
    ..\\sdk\\driver\\pac_driver_uart.c       0x00000000   Number         0  pac_driver_uart.o ABSOLUTE
    ..\app\main.c                            0x00000000   Number         0  main.o ABSOLUTE
    ..\sdk\boot_keil\startup_pac_keil.s      0x00000000   Number         0  startup_pac_keil.o ABSOLUTE
    ..\sdk\boot_keil\system_pac.c            0x00000000   Number         0  system_pac.o ABSOLUTE
    ..\sdk\driver\pac_driver_adc.c           0x00000000   Number         0  pac_driver_adc.o ABSOLUTE
    ..\sdk\driver\pac_driver_can.c           0x00000000   Number         0  pac_driver_can.o ABSOLUTE
    ..\sdk\driver\pac_driver_gpio.c          0x00000000   Number         0  pac_driver_gpio.o ABSOLUTE
    ..\sdk\driver\pac_driver_socbridge.c     0x00000000   Number         0  pac_driver_socbridge.o ABSOLUTE
    ..\sdk\driver\pac_driver_system.c        0x00000000   Number         0  pac_driver_system.o ABSOLUTE
    ..\sdk\driver\pac_driver_tile_socbridge.c 0x00000000   Number         0  pac_driver_tile_socbridge.o ABSOLUTE
    ..\sdk\driver\pac_driver_timer.c         0x00000000   Number         0  pac_driver_timer.o ABSOLUTE
    ..\sdk\driver\pac_driver_uart.c          0x00000000   Number         0  pac_driver_uart.o ABSOLUTE
    dc.s                                     0x00000000   Number         0  dc.o ABSOLUTE
    !!!main                                  0x000000bc   Section        8  __main.o(!!!main)
    !!!scatter                               0x000000c4   Section       52  __scatter.o(!!!scatter)
    !!handler_copy                           0x000000f8   Section       26  __scatter_copy.o(!!handler_copy)
    !!handler_zi                             0x00000114   Section       28  __scatter_zi.o(!!handler_zi)
    .ARM.Collect$$libinit$$00000000          0x00000130   Section        2  libinit.o(.ARM.Collect$$libinit$$00000000)
    .ARM.Collect$$libinit$$00000001          0x00000132   Section        4  libinit2.o(.ARM.Collect$$libinit$$00000001)
    .ARM.Collect$$libinit$$00000004          0x00000136   Section        0  libinit2.o(.ARM.Collect$$libinit$$00000004)
    .ARM.Collect$$libinit$$0000000A          0x00000136   Section        0  libinit2.o(.ARM.Collect$$libinit$$0000000A)
    .ARM.Collect$$libinit$$0000000C          0x00000136   Section        0  libinit2.o(.ARM.Collect$$libinit$$0000000C)
    .ARM.Collect$$libinit$$0000000E          0x00000136   Section        0  libinit2.o(.ARM.Collect$$libinit$$0000000E)
    .ARM.Collect$$libinit$$00000011          0x00000136   Section        0  libinit2.o(.ARM.Collect$$libinit$$00000011)
    .ARM.Collect$$libinit$$00000013          0x00000136   Section        0  libinit2.o(.ARM.Collect$$libinit$$00000013)
    .ARM.Collect$$libinit$$00000015          0x00000136   Section        0  libinit2.o(.ARM.Collect$$libinit$$00000015)
    .ARM.Collect$$libinit$$00000017          0x00000136   Section        0  libinit2.o(.ARM.Collect$$libinit$$00000017)
    .ARM.Collect$$libinit$$00000019          0x00000136   Section        0  libinit2.o(.ARM.Collect$$libinit$$00000019)
    .ARM.Collect$$libinit$$0000001B          0x00000136   Section        0  libinit2.o(.ARM.Collect$$libinit$$0000001B)
    .ARM.Collect$$libinit$$0000001D          0x00000136   Section        0  libinit2.o(.ARM.Collect$$libinit$$0000001D)
    .ARM.Collect$$libinit$$0000001F          0x00000136   Section        0  libinit2.o(.ARM.Collect$$libinit$$0000001F)
    .ARM.Collect$$libinit$$00000021          0x00000136   Section        0  libinit2.o(.ARM.Collect$$libinit$$00000021)
    .ARM.Collect$$libinit$$00000023          0x00000136   Section        0  libinit2.o(.ARM.Collect$$libinit$$00000023)
    .ARM.Collect$$libinit$$00000025          0x00000136   Section        0  libinit2.o(.ARM.Collect$$libinit$$00000025)
    .ARM.Collect$$libinit$$0000002C          0x00000136   Section        0  libinit2.o(.ARM.Collect$$libinit$$0000002C)
    .ARM.Collect$$libinit$$0000002E          0x00000136   Section        0  libinit2.o(.ARM.Collect$$libinit$$0000002E)
    .ARM.Collect$$libinit$$00000030          0x00000136   Section        0  libinit2.o(.ARM.Collect$$libinit$$00000030)
    .ARM.Collect$$libinit$$00000032          0x00000136   Section        0  libinit2.o(.ARM.Collect$$libinit$$00000032)
    .ARM.Collect$$libinit$$00000033          0x00000136   Section        2  libinit2.o(.ARM.Collect$$libinit$$00000033)
    .ARM.Collect$$libshutdown$$00000000      0x00000138   Section        2  libshutdown.o(.ARM.Collect$$libshutdown$$00000000)
    .ARM.Collect$$libshutdown$$00000002      0x0000013a   Section        0  libshutdown2.o(.ARM.Collect$$libshutdown$$00000002)
    .ARM.Collect$$libshutdown$$00000004      0x0000013a   Section        0  libshutdown2.o(.ARM.Collect$$libshutdown$$00000004)
    .ARM.Collect$$libshutdown$$00000007      0x0000013a   Section        0  libshutdown2.o(.ARM.Collect$$libshutdown$$00000007)
    .ARM.Collect$$libshutdown$$0000000A      0x0000013a   Section        0  libshutdown2.o(.ARM.Collect$$libshutdown$$0000000A)
    .ARM.Collect$$libshutdown$$0000000C      0x0000013a   Section        0  libshutdown2.o(.ARM.Collect$$libshutdown$$0000000C)
    .ARM.Collect$$libshutdown$$0000000F      0x0000013a   Section        0  libshutdown2.o(.ARM.Collect$$libshutdown$$0000000F)
    .ARM.Collect$$libshutdown$$00000010      0x0000013a   Section        2  libshutdown2.o(.ARM.Collect$$libshutdown$$00000010)
    .ARM.Collect$$rtentry$$00000000          0x0000013c   Section        0  __rtentry.o(.ARM.Collect$$rtentry$$00000000)
    .ARM.Collect$$rtentry$$00000002          0x0000013c   Section        0  __rtentry2.o(.ARM.Collect$$rtentry$$00000002)
    .ARM.Collect$$rtentry$$00000005          0x0000013c   Section        4  __rtentry5.o(.ARM.Collect$$rtentry$$00000005)
    .ARM.Collect$$rtentry$$00000009          0x00000140   Section        0  __rtentry2.o(.ARM.Collect$$rtentry$$00000009)
    .ARM.Collect$$rtentry$$0000000A          0x00000140   Section        4  __rtentry2.o(.ARM.Collect$$rtentry$$0000000A)
    .ARM.Collect$$rtentry$$0000000C          0x00000144   Section        0  __rtentry2.o(.ARM.Collect$$rtentry$$0000000C)
    .ARM.Collect$$rtentry$$0000000D          0x00000144   Section        8  __rtentry2.o(.ARM.Collect$$rtentry$$0000000D)
    .ARM.Collect$$rtentry$$00002716          0x0000014c   Section        4  __rtentry5.o(.ARM.Collect$$rtentry$$00002716)
    __lit__00000000                          0x0000014c   Data           4  __rtentry5.o(.ARM.Collect$$rtentry$$00002716)
    .ARM.Collect$$rtexit$$00000000           0x00000150   Section        2  rtexit.o(.ARM.Collect$$rtexit$$00000000)
    .ARM.Collect$$rtexit$$00000002           0x00000152   Section        0  rtexit2.o(.ARM.Collect$$rtexit$$00000002)
    .ARM.Collect$$rtexit$$00000003           0x00000152   Section        4  rtexit2.o(.ARM.Collect$$rtexit$$00000003)
    .ARM.Collect$$rtexit$$00000004           0x00000156   Section        6  rtexit2.o(.ARM.Collect$$rtexit$$00000004)
    .text                                    0x0000015c   Section       84  startup_pac_keil.o(.text)
    $v0                                      0x0000015c   Number         0  startup_pac_keil.o(.text)
    .text                                    0x000001b0   Section        0  heapauxi.o(.text)
    .text                                    0x000001b6   Section        0  exit.o(.text)
    .text                                    0x000001c8   Section        0  sys_exit.o(.text)
    .text                                    0x000001d4   Section        2  use_no_semi.o(.text)
    .text                                    0x000001d6   Section        0  indicate_semi.o(.text)
    i.SystemInit                             0x000001d8   Section        0  system_pac.o(i.SystemInit)
    i.main                                   0x000001f8   Section        0  main.o(i.main)
    i.pac_recovery                           0x000001fc   Section        0  pac_driver_system.o(i.pac_recovery)
    x$fpl$fpinit                             0x000001fe   Section       10  fpinit.o(x$fpl$fpinit)
    $v0                                      0x000001fe   Number         0  fpinit.o(x$fpl$fpinit)
    .data                                    0x20000000   Section        8  system_pac.o(.data)
    HEAP                                     0x20000008   Section        0  startup_pac_keil.o(HEAP)
    STACK                                    0x20000008   Section      768  startup_pac_keil.o(STACK)
    Heap_Mem                                 0x20000008   Data           0  startup_pac_keil.o(HEAP)
    Stack_Mem                                0x20000008   Data         768  startup_pac_keil.o(STACK)

    Global Symbols

    Symbol Name                              Value     Ov Type        Size  Object(Section)

    BuildAttributes$$THM_ISAv4$E$P$D$K$B$S$7EM$VFPi3$EXTD16$VFPS$VFMA$PE$A:L22UL41UL21$X:L11$S22US41US21$IEEE1$IW$USESV6$~STKCKD$USESV7$~SHL$OSPACE$ROPI$EBA8$UX$STANDARDLIB$REQ8$PRES8$EABIv2 0x00000000   Number         0  anon$$obj.o ABSOLUTE
    __ARM_use_no_argv                        0x00000000   Number         0  main.o ABSOLUTE
    __Vectors                                0x00000000   Data           4  startup_pac_keil.o(RESET)
    __ARM_exceptions_init                     - Undefined Weak Reference
    __alloca_initialize                       - Undefined Weak Reference
    __arm_preinit_                            - Undefined Weak Reference
    __cpp_initialize__aeabi_                  - Undefined Weak Reference
    __cxa_finalize                            - Undefined Weak Reference
    __rt_locale                               - Undefined Weak Reference
    __sigvec_lookup                           - Undefined Weak Reference
    _atexit_init                              - Undefined Weak Reference
    _call_atexit_fns                          - Undefined Weak Reference
    _clock_init                               - Undefined Weak Reference
    _fp_trap_init                             - Undefined Weak Reference
    _fp_trap_shutdown                         - Undefined Weak Reference
    _get_lc_collate                           - Undefined Weak Reference
    _get_lc_ctype                             - Undefined Weak Reference
    _get_lc_monetary                          - Undefined Weak Reference
    _get_lc_numeric                           - Undefined Weak Reference
    _get_lc_time                              - Undefined Weak Reference
    _getenv_init                              - Undefined Weak Reference
    _handle_redirection                       - Undefined Weak Reference
    _init_alloc                               - Undefined Weak Reference
    _init_user_alloc                          - Undefined Weak Reference
    _initio                                   - Undefined Weak Reference
    _rand_init                                - Undefined Weak Reference
    _signal_finish                            - Undefined Weak Reference
    _signal_init                              - Undefined Weak Reference
    _terminate_alloc                          - Undefined Weak Reference
    _terminate_user_alloc                     - Undefined Weak Reference
    _terminateio                              - Undefined Weak Reference
    __main                                   0x000000bd   Thumb Code     8  __main.o(!!!main)
    __scatterload                            0x000000c5   Thumb Code     0  __scatter.o(!!!scatter)
    __scatterload_rt2                        0x000000c5   Thumb Code    44  __scatter.o(!!!scatter)
    __scatterload_rt2_thumb_only             0x000000c5   Thumb Code     0  __scatter.o(!!!scatter)
    __scatterload_null                       0x000000d3   Thumb Code     0  __scatter.o(!!!scatter)
    __scatterload_copy                       0x000000f9   Thumb Code    26  __scatter_copy.o(!!handler_copy)
    __scatterload_zeroinit                   0x00000115   Thumb Code    28  __scatter_zi.o(!!handler_zi)
    __rt_lib_init                            0x00000131   Thumb Code     0  libinit.o(.ARM.Collect$$libinit$$00000000)
    __rt_lib_init_fp_1                       0x00000133   Thumb Code     0  libinit2.o(.ARM.Collect$$libinit$$00000001)
    __rt_lib_init_alloca_1                   0x00000137   Thumb Code     0  libinit2.o(.ARM.Collect$$libinit$$0000002E)
    __rt_lib_init_argv_1                     0x00000137   Thumb Code     0  libinit2.o(.ARM.Collect$$libinit$$0000002C)
    __rt_lib_init_atexit_1                   0x00000137   Thumb Code     0  libinit2.o(.ARM.Collect$$libinit$$0000001B)
    __rt_lib_init_clock_1                    0x00000137   Thumb Code     0  libinit2.o(.ARM.Collect$$libinit$$00000021)
    __rt_lib_init_cpp_1                      0x00000137   Thumb Code     0  libinit2.o(.ARM.Collect$$libinit$$00000032)
    __rt_lib_init_exceptions_1               0x00000137   Thumb Code     0  libinit2.o(.ARM.Collect$$libinit$$00000030)
    __rt_lib_init_fp_trap_1                  0x00000137   Thumb Code     0  libinit2.o(.ARM.Collect$$libinit$$0000001F)
    __rt_lib_init_getenv_1                   0x00000137   Thumb Code     0  libinit2.o(.ARM.Collect$$libinit$$00000023)
    __rt_lib_init_heap_1                     0x00000137   Thumb Code     0  libinit2.o(.ARM.Collect$$libinit$$0000000A)
    __rt_lib_init_lc_collate_1               0x00000137   Thumb Code     0  libinit2.o(.ARM.Collect$$libinit$$00000011)
    __rt_lib_init_lc_ctype_1                 0x00000137   Thumb Code     0  libinit2.o(.ARM.Collect$$libinit$$00000013)
    __rt_lib_init_lc_monetary_1              0x00000137   Thumb Code     0  libinit2.o(.ARM.Collect$$libinit$$00000015)
    __rt_lib_init_lc_numeric_1               0x00000137   Thumb Code     0  libinit2.o(.ARM.Collect$$libinit$$00000017)
    __rt_lib_init_lc_time_1                  0x00000137   Thumb Code     0  libinit2.o(.ARM.Collect$$libinit$$00000019)
    __rt_lib_init_preinit_1                  0x00000137   Thumb Code     0  libinit2.o(.ARM.Collect$$libinit$$00000004)
    __rt_lib_init_rand_1                     0x00000137   Thumb Code     0  libinit2.o(.ARM.Collect$$libinit$$0000000E)
    __rt_lib_init_return                     0x00000137   Thumb Code     0  libinit2.o(.ARM.Collect$$libinit$$00000033)
    __rt_lib_init_signal_1                   0x00000137   Thumb Code     0  libinit2.o(.ARM.Collect$$libinit$$0000001D)
    __rt_lib_init_stdio_1                    0x00000137   Thumb Code     0  libinit2.o(.ARM.Collect$$libinit$$00000025)
    __rt_lib_init_user_alloc_1               0x00000137   Thumb Code     0  libinit2.o(.ARM.Collect$$libinit$$0000000C)
    __rt_lib_shutdown                        0x00000139   Thumb Code     0  libshutdown.o(.ARM.Collect$$libshutdown$$00000000)
    __rt_lib_shutdown_cpp_1                  0x0000013b   Thumb Code     0  libshutdown2.o(.ARM.Collect$$libshutdown$$00000002)
    __rt_lib_shutdown_fp_trap_1              0x0000013b   Thumb Code     0  libshutdown2.o(.ARM.Collect$$libshutdown$$00000007)
    __rt_lib_shutdown_heap_1                 0x0000013b   Thumb Code     0  libshutdown2.o(.ARM.Collect$$libshutdown$$0000000F)
    __rt_lib_shutdown_return                 0x0000013b   Thumb Code     0  libshutdown2.o(.ARM.Collect$$libshutdown$$00000010)
    __rt_lib_shutdown_signal_1               0x0000013b   Thumb Code     0  libshutdown2.o(.ARM.Collect$$libshutdown$$0000000A)
    __rt_lib_shutdown_stdio_1                0x0000013b   Thumb Code     0  libshutdown2.o(.ARM.Collect$$libshutdown$$00000004)
    __rt_lib_shutdown_user_alloc_1           0x0000013b   Thumb Code     0  libshutdown2.o(.ARM.Collect$$libshutdown$$0000000C)
    __rt_entry                               0x0000013d   Thumb Code     0  __rtentry.o(.ARM.Collect$$rtentry$$00000000)
    __rt_entry_presh_1                       0x0000013d   Thumb Code     0  __rtentry2.o(.ARM.Collect$$rtentry$$00000002)
    __rt_entry_sh                            0x0000013d   Thumb Code     0  __rtentry5.o(.ARM.Collect$$rtentry$$00000005)
    __rt_entry_li                            0x00000141   Thumb Code     0  __rtentry2.o(.ARM.Collect$$rtentry$$0000000A)
    __rt_entry_postsh_1                      0x00000141   Thumb Code     0  __rtentry2.o(.ARM.Collect$$rtentry$$00000009)
    __rt_entry_main                          0x00000145   Thumb Code     0  __rtentry2.o(.ARM.Collect$$rtentry$$0000000D)
    __rt_entry_postli_1                      0x00000145   Thumb Code     0  __rtentry2.o(.ARM.Collect$$rtentry$$0000000C)
    __rt_exit                                0x00000151   Thumb Code     0  rtexit.o(.ARM.Collect$$rtexit$$00000000)
    __rt_exit_ls                             0x00000153   Thumb Code     0  rtexit2.o(.ARM.Collect$$rtexit$$00000003)
    __rt_exit_prels_1                        0x00000153   Thumb Code     0  rtexit2.o(.ARM.Collect$$rtexit$$00000002)
    __rt_exit_exit                           0x00000157   Thumb Code     0  rtexit2.o(.ARM.Collect$$rtexit$$00000004)
    Reset_Handler                            0x0000015d   Thumb Code    12  startup_pac_keil.o(.text)
    NMI_Handler                              0x00000169   Thumb Code     2  startup_pac_keil.o(.text)
    HardFault_Handler                        0x0000016b   Thumb Code     2  startup_pac_keil.o(.text)
    MemManageFault_Handler                   0x0000016d   Thumb Code     2  startup_pac_keil.o(.text)
    BusFault_Handler                         0x0000016f   Thumb Code     2  startup_pac_keil.o(.text)
    UsageFault_Handler                       0x00000171   Thumb Code     2  startup_pac_keil.o(.text)
    SVC_Handler                              0x00000173   Thumb Code     2  startup_pac_keil.o(.text)
    DebugMon_Handler                         0x00000175   Thumb Code     2  startup_pac_keil.o(.text)
    PendSV_Handler                           0x00000177   Thumb Code     2  startup_pac_keil.o(.text)
    SysTick_Handler                          0x00000179   Thumb Code     2  startup_pac_keil.o(.text)
    ADC1_IRQHandler                          0x0000017b   Thumb Code     0  startup_pac_keil.o(.text)
    ADC2_IRQHandler                          0x0000017b   Thumb Code     0  startup_pac_keil.o(.text)
    ADC3_IRQHandler                          0x0000017b   Thumb Code     0  startup_pac_keil.o(.text)
    ADC_IRQHandler                           0x0000017b   Thumb Code     0  startup_pac_keil.o(.text)
    CAN_IRQHandler                           0x0000017b   Thumb Code     0  startup_pac_keil.o(.text)
    CCS_IRQHandler                           0x0000017b   Thumb Code     0  startup_pac_keil.o(.text)
    Default_Handler                          0x0000017b   Thumb Code     2  startup_pac_keil.o(.text)
    GPTimerA_IRQHandler                      0x0000017b   Thumb Code     0  startup_pac_keil.o(.text)
    GPTimerB_IRQHandler                      0x0000017b   Thumb Code     0  startup_pac_keil.o(.text)
    GpioA_IRQHandler                         0x0000017b   Thumb Code     0  startup_pac_keil.o(.text)
    GpioB_IRQHandler                         0x0000017b   Thumb Code     0  startup_pac_keil.o(.text)
    GpioC_IRQHandler                         0x0000017b   Thumb Code     0  startup_pac_keil.o(.text)
    GpioD_IRQHandler                         0x0000017b   Thumb Code     0  startup_pac_keil.o(.text)
    GpioE_IRQHandler                         0x0000017b   Thumb Code     0  startup_pac_keil.o(.text)
    GpioF_IRQHandler                         0x0000017b   Thumb Code     0  startup_pac_keil.o(.text)
    GpioG_IRQHandler                         0x0000017b   Thumb Code     0  startup_pac_keil.o(.text)
    I2C_IRQHandler                           0x0000017b   Thumb Code     0  startup_pac_keil.o(.text)
    MemCtl_IRQHandler                        0x0000017b   Thumb Code     0  startup_pac_keil.o(.text)
    QEPA_IRQHandler                          0x0000017b   Thumb Code     0  startup_pac_keil.o(.text)
    QEPB_IRQHandler                          0x0000017b   Thumb Code     0  startup_pac_keil.o(.text)
    QEPC_IRQHandler                          0x0000017b   Thumb Code     0  startup_pac_keil.o(.text)
    QEPD_IRQHandler                          0x0000017b   Thumb Code     0  startup_pac_keil.o(.text)
    RTC_IRQHandler                           0x0000017b   Thumb Code     0  startup_pac_keil.o(.text)
    TimerA_IRQHandler                        0x0000017b   Thumb Code     0  startup_pac_keil.o(.text)
    TimerB_IRQHandler                        0x0000017b   Thumb Code     0  startup_pac_keil.o(.text)
    TimerC_IRQHandler                        0x0000017b   Thumb Code     0  startup_pac_keil.o(.text)
    TimerD_IRQHandler                        0x0000017b   Thumb Code     0  startup_pac_keil.o(.text)
    USARTA_IRQHandler                        0x0000017b   Thumb Code     0  startup_pac_keil.o(.text)
    USARTB_IRQHandler                        0x0000017b   Thumb Code     0  startup_pac_keil.o(.text)
    USARTC_IRQHandler                        0x0000017b   Thumb Code     0  startup_pac_keil.o(.text)
    USARTD_IRQHandler                        0x0000017b   Thumb Code     0  startup_pac_keil.o(.text)
    Wdt_IRQHandler                           0x0000017b   Thumb Code     0  startup_pac_keil.o(.text)
    __user_initial_stackheap                 0x0000017d   Thumb Code     0  startup_pac_keil.o(.text)
    pac_delay_asm                            0x00000189   Thumb Code     0  startup_pac_keil.o(.text)
    __use_two_region_memory                  0x000001b1   Thumb Code     2  heapauxi.o(.text)
    __rt_heap_escrow$2region                 0x000001b3   Thumb Code     2  heapauxi.o(.text)
    __rt_heap_expand$2region                 0x000001b5   Thumb Code     2  heapauxi.o(.text)
    exit                                     0x000001b7   Thumb Code    18  exit.o(.text)
    _sys_exit                                0x000001c9   Thumb Code     8  sys_exit.o(.text)
    __I$use$semihosting                      0x000001d5   Thumb Code     0  use_no_semi.o(.text)
    __use_no_semihosting_swi                 0x000001d5   Thumb Code     2  use_no_semi.o(.text)
    __semihosting_library_function           0x000001d7   Thumb Code     0  indicate_semi.o(.text)
    SystemInit                               0x000001d9   Thumb Code    20  system_pac.o(i.SystemInit)
    main                                     0x000001f9   Thumb Code     4  main.o(i.main)
    pac_recovery                             0x000001fd   Thumb Code     2  pac_driver_system.o(i.pac_recovery)
    _fp_init                                 0x000001ff   Thumb Code    10  fpinit.o(x$fpl$fpinit)
    __fplib_config_fpu_vfp                   0x00000207   Thumb Code     0  fpinit.o(x$fpl$fpinit)
    __fplib_config_pureend_doubles           0x00000207   Thumb Code     0  fpinit.o(x$fpl$fpinit)
    Region$$Table$$Base                      0x00000208   Number         0  anon$$obj.o(Region$$Table)
    Region$$Table$$Limit                     0x00000228   Number         0  anon$$obj.o(Region$$Table)
    SystemCoreClock                          0x20000000   Data           4  system_pac.o(.data)
    SystemExternalClock                      0x20000004   Data           4  system_pac.o(.data)
    __initial_sp                             0x20000308   Data           0  startup_pac_keil.o(STACK)



==============================================================================

Memory Map of the image

  Image Entry point : 0x0000015d

  Load Region LR_1 (Base: 0x00000000, Size: 0x00000230, Max: 0xffffffff, ABSOLUTE)

    Execution Region ER_RO (Exec base: 0x00000000, Load base: 0x00000000, Size: 0x00000228, Max: 0xffffffff, ABSOLUTE)

    Exec Addr    Load Addr    Size         Type   Attr      Idx    E Section Name        Object

    0x00000000   0x00000000   0x000000bc   Data   RO            3    RESET               startup_pac_keil.o
    0x000000bc   0x000000bc   0x00000008   Code   RO          458  * !!!main             c_w.l(__main.o)
    0x000000c4   0x000000c4   0x00000034   Code   RO          620    !!!scatter          c_w.l(__scatter.o)
    0x000000f8   0x000000f8   0x0000001a   Code   RO          622    !!handler_copy      c_w.l(__scatter_copy.o)
    0x00000112   0x00000112   0x00000002   PAD
    0x00000114   0x00000114   0x0000001c   Code   RO          624    !!handler_zi        c_w.l(__scatter_zi.o)
    0x00000130   0x00000130   0x00000002   Code   RO          490    .ARM.Collect$$libinit$$00000000  c_w.l(libinit.o)
    0x00000132   0x00000132   0x00000004   Code   RO          496    .ARM.Collect$$libinit$$00000001  c_w.l(libinit2.o)
    0x00000136   0x00000136   0x00000000   Code   RO          499    .ARM.Collect$$libinit$$00000004  c_w.l(libinit2.o)
    0x00000136   0x00000136   0x00000000   Code   RO          502    .ARM.Collect$$libinit$$0000000A  c_w.l(libinit2.o)
    0x00000136   0x00000136   0x00000000   Code   RO          504    .ARM.Collect$$libinit$$0000000C  c_w.l(libinit2.o)
    0x00000136   0x00000136   0x00000000   Code   RO          506    .ARM.Collect$$libinit$$0000000E  c_w.l(libinit2.o)
    0x00000136   0x00000136   0x00000000   Code   RO          509    .ARM.Collect$$libinit$$00000011  c_w.l(libinit2.o)
    0x00000136   0x00000136   0x00000000   Code   RO          511    .ARM.Collect$$libinit$$00000013  c_w.l(libinit2.o)
    0x00000136   0x00000136   0x00000000   Code   RO          513    .ARM.Collect$$libinit$$00000015  c_w.l(libinit2.o)
    0x00000136   0x00000136   0x00000000   Code   RO          515    .ARM.Collect$$libinit$$00000017  c_w.l(libinit2.o)
    0x00000136   0x00000136   0x00000000   Code   RO          517    .ARM.Collect$$libinit$$00000019  c_w.l(libinit2.o)
    0x00000136   0x00000136   0x00000000   Code   RO          519    .ARM.Collect$$libinit$$0000001B  c_w.l(libinit2.o)
    0x00000136   0x00000136   0x00000000   Code   RO          521    .ARM.Collect$$libinit$$0000001D  c_w.l(libinit2.o)
    0x00000136   0x00000136   0x00000000   Code   RO          523    .ARM.Collect$$libinit$$0000001F  c_w.l(libinit2.o)
    0x00000136   0x00000136   0x00000000   Code   RO          525    .ARM.Collect$$libinit$$00000021  c_w.l(libinit2.o)
    0x00000136   0x00000136   0x00000000   Code   RO          527    .ARM.Collect$$libinit$$00000023  c_w.l(libinit2.o)
    0x00000136   0x00000136   0x00000000   Code   RO          529    .ARM.Collect$$libinit$$00000025  c_w.l(libinit2.o)
    0x00000136   0x00000136   0x00000000   Code   RO          533    .ARM.Collect$$libinit$$0000002C  c_w.l(libinit2.o)
    0x00000136   0x00000136   0x00000000   Code   RO          535    .ARM.Collect$$libinit$$0000002E  c_w.l(libinit2.o)
    0x00000136   0x00000136   0x00000000   Code   RO          537    .ARM.Collect$$libinit$$00000030  c_w.l(libinit2.o)
    0x00000136   0x00000136   0x00000000   Code   RO          539    .ARM.Collect$$libinit$$00000032  c_w.l(libinit2.o)
    0x00000136   0x00000136   0x00000002   Code   RO          540    .ARM.Collect$$libinit$$00000033  c_w.l(libinit2.o)
    0x00000138   0x00000138   0x00000002   Code   RO          560    .ARM.Collect$$libshutdown$$00000000  c_w.l(libshutdown.o)
    0x0000013a   0x0000013a   0x00000000   Code   RO          573    .ARM.Collect$$libshutdown$$00000002  c_w.l(libshutdown2.o)
    0x0000013a   0x0000013a   0x00000000   Code   RO          575    .ARM.Collect$$libshutdown$$00000004  c_w.l(libshutdown2.o)
    0x0000013a   0x0000013a   0x00000000   Code   RO          578    .ARM.Collect$$libshutdown$$00000007  c_w.l(libshutdown2.o)
    0x0000013a   0x0000013a   0x00000000   Code   RO          581    .ARM.Collect$$libshutdown$$0000000A  c_w.l(libshutdown2.o)
    0x0000013a   0x0000013a   0x00000000   Code   RO          583    .ARM.Collect$$libshutdown$$0000000C  c_w.l(libshutdown2.o)
    0x0000013a   0x0000013a   0x00000000   Code   RO          586    .ARM.Collect$$libshutdown$$0000000F  c_w.l(libshutdown2.o)
    0x0000013a   0x0000013a   0x00000002   Code   RO          587    .ARM.Collect$$libshutdown$$00000010  c_w.l(libshutdown2.o)
    0x0000013c   0x0000013c   0x00000000   Code   RO          460    .ARM.Collect$$rtentry$$00000000  c_w.l(__rtentry.o)
    0x0000013c   0x0000013c   0x00000000   Code   RO          462    .ARM.Collect$$rtentry$$00000002  c_w.l(__rtentry2.o)
    0x0000013c   0x0000013c   0x00000004   Code   RO          476    .ARM.Collect$$rtentry$$00000005  c_w.l(__rtentry5.o)
    0x00000140   0x00000140   0x00000000   Code   RO          464    .ARM.Collect$$rtentry$$00000009  c_w.l(__rtentry2.o)
    0x00000140   0x00000140   0x00000004   Code   RO          465    .ARM.Collect$$rtentry$$0000000A  c_w.l(__rtentry2.o)
    0x00000144   0x00000144   0x00000000   Code   RO          467    .ARM.Collect$$rtentry$$0000000C  c_w.l(__rtentry2.o)
    0x00000144   0x00000144   0x00000008   Code   RO          468    .ARM.Collect$$rtentry$$0000000D  c_w.l(__rtentry2.o)
    0x0000014c   0x0000014c   0x00000004   Code   RO          477    .ARM.Collect$$rtentry$$00002716  c_w.l(__rtentry5.o)
    0x00000150   0x00000150   0x00000002   Code   RO          494    .ARM.Collect$$rtexit$$00000000  c_w.l(rtexit.o)
    0x00000152   0x00000152   0x00000000   Code   RO          542    .ARM.Collect$$rtexit$$00000002  c_w.l(rtexit2.o)
    0x00000152   0x00000152   0x00000004   Code   RO          543    .ARM.Collect$$rtexit$$00000003  c_w.l(rtexit2.o)
    0x00000156   0x00000156   0x00000006   Code   RO          544    .ARM.Collect$$rtexit$$00000004  c_w.l(rtexit2.o)
    0x0000015c   0x0000015c   0x00000054   Code   RO            4  * .text               startup_pac_keil.o
    0x000001b0   0x000001b0   0x00000006   Code   RO          456    .text               c_w.l(heapauxi.o)
    0x000001b6   0x000001b6   0x00000012   Code   RO          483    .text               c_w.l(exit.o)
    0x000001c8   0x000001c8   0x0000000c   Code   RO          552    .text               c_w.l(sys_exit.o)
    0x000001d4   0x000001d4   0x00000002   Code   RO          563    .text               c_w.l(use_no_semi.o)
    0x000001d6   0x000001d6   0x00000000   Code   RO          565    .text               c_w.l(indicate_semi.o)
    0x000001d6   0x000001d6   0x00000002   PAD
    0x000001d8   0x000001d8   0x00000020   Code   RO           17    i.SystemInit        system_pac.o
    0x000001f8   0x000001f8   0x00000004   Code   RO          442    i.main              main.o
    0x000001fc   0x000001fc   0x00000002   Code   RO          292    i.pac_recovery      pac_driver_system.o
    0x000001fe   0x000001fe   0x0000000a   Code   RO          550    x$fpl$fpinit        fz_wm.l(fpinit.o)
    0x00000208   0x00000208   0x00000020   Data   RO          618    Region$$Table       anon$$obj.o


    Execution Region ER_RW (Exec base: 0x20000000, Load base: 0x00000228, Size: 0x00000008, Max: 0xffffffff, ABSOLUTE)

    Exec Addr    Load Addr    Size         Type   Attr      Idx    E Section Name        Object

    0x20000000   0x00000228   0x00000008   Data   RW           18    .data               system_pac.o


    Execution Region ER_ZI (Exec base: 0x20000008, Load base: 0x00000230, Size: 0x00000300, Max: 0xffffffff, ABSOLUTE)

    Exec Addr    Load Addr    Size         Type   Attr      Idx    E Section Name        Object

    0x20000008        -       0x00000000   Zero   RW            2    HEAP                startup_pac_keil.o
    0x20000008        -       0x00000300   Zero   RW            1    STACK               startup_pac_keil.o


==============================================================================

Image component sizes


      Code (inc. data)   RO Data    RW Data    ZI Data      Debug   Object Name

         4          0          0          0          0        455   main.o
         2          0          0          0          0        483   pac_driver_system.o
        84         28        188          0        768        916   startup_pac_keil.o
        32         12          0          8          0       5395   system_pac.o

    ----------------------------------------------------------------------
       122         40        220          8        768       7249   Object Totals
         0          0         32          0          0          0   (incl. Generated)
         0          0          0          0          0          0   (incl. Padding)

    ----------------------------------------------------------------------

      Code (inc. data)   RO Data    RW Data    ZI Data      Debug   Library Member Name

         8          0          0          0          0         68   __main.o
         0          0          0          0          0          0   __rtentry.o
        12          0          0          0          0          0   __rtentry2.o
         8          4          0          0          0          0   __rtentry5.o
        52          8          0          0          0          0   __scatter.o
        26          0          0          0          0          0   __scatter_copy.o
        28          0          0          0          0          0   __scatter_zi.o
        18          0          0          0          0         80   exit.o
         6          0          0          0          0        152   heapauxi.o
         0          0          0          0          0          0   indicate_semi.o
         2          0          0          0          0          0   libinit.o
         6          0          0          0          0          0   libinit2.o
         2          0          0          0          0          0   libshutdown.o
         2          0          0          0          0          0   libshutdown2.o
         2          0          0          0          0          0   rtexit.o
        10          0          0          0          0          0   rtexit2.o
        12          4          0          0          0         68   sys_exit.o
         2          0          0          0          0         68   use_no_semi.o
        10          0          0          0          0        116   fpinit.o

    ----------------------------------------------------------------------
       210         16          0          0          0        552   Library Totals
         4          0          0          0          0          0   (incl. Padding)

    ----------------------------------------------------------------------

      Code (inc. data)   RO Data    RW Data    ZI Data      Debug   Library Name

       196         16          0          0          0        436   c_w.l
        10          0          0          0          0        116   fz_wm.l

    ----------------------------------------------------------------------
       210         16          0          0          0        552   Library Totals

    ----------------------------------------------------------------------

==============================================================================


      Code (inc. data)   RO Data    RW Data    ZI Data      Debug   

       332         56        220          8        768       7649   Grand Totals
       332         56        220          8        768       7649   ELF Image Totals
       332         56        220          8          0          0   ROM Totals

==============================================================================

    Total RO  Size (Code + RO Data)                  552 (   0.54kB)
    Total RW  Size (RW Data + ZI Data)               776 (   0.76kB)
    Total ROM Size (Code + RO Data + RW Data)        560 (   0.55kB)

==============================================================================

