


ARM Macro Assembler    Page 1 


    1 00000000         ;/******************************************************
                       ***********************
    2 00000000         ; * @file:    startup_pac_keil.s
    3 00000000         ; * @purpose: CMSIS Cortex-M4 Core Device Startup File f
                       or the 
    4 00000000         ; *           PAC Device Family
    5 00000000         ; *------- <<< Use Configuration Wizard in Context Menu 
                       >>> ------------------
    6 00000000         ; *
    7 00000000         ; * Copyright (C) 2017-2019, Qorvo, Inc.
    8 00000000         ; *
    9 00000000         ; * THIS SOFTWARE IS SUBJECT TO A SOURCE CODE LICENSE AG
                       REEMENT WHICH PROVIDES, 
   10 00000000         ; * AMONG OTHER THINGS:  (i) THAT IT CAN BE USED ONLY TO
                        ADAPT THE LICENSEE'S 
   11 00000000         ; * APPLICATION TO PAC PROCESSORS SUPPLIED BY QORVO, INC
                       .; 
   12 00000000         ; * (ii) THAT  IT IS PROVIDED "AS IS" WITHOUT WARRANTY; 
                        (iii) THAT 
   13 00000000         ; * QORVO, INC. IS NOT LIABLE FOR ANY INDIRECT DAMAGES O
                       R FOR DIRECT
   14 00000000         ; * DAMAGES EXCEEDING US$1,500;  AND (iv) THAT IT CAN BE
                        DISCLOSED TO AND USED
   15 00000000         ; * ONLY BY CERTAIN AUTHORIZED PERSONS. 
   16 00000000         ; *
   17 00000000         ; ******************************************************
                       ***********************/
   18 00000000         
   19 00000000         
   20 00000000         ; <h> Stack Configuration
   21 00000000         ;   <o> Stack Size (in Bytes) <0x0-0xFFFFFFFF:8>
   22 00000000         ; </h>
   23 00000000         
   24 00000000 00000300 
                       Stack_Size
                               EQU              0x00000300
   25 00000000         
   26 00000000                 AREA             STACK, NOINIT, READWRITE, ALIGN
=3
   27 00000000         Stack_Mem
                               SPACE            Stack_Size
   28 00000300         __initial_sp
   29 00000300                 EXPORT           __initial_sp
   30 00000300         
   31 00000300         
   32 00000300         ; <h> Heap Configuration
   33 00000300         ;   <o>  Heap Size (in Bytes) <0x0-0xFFFFFFFF:8>
   34 00000300         ; </h>
   35 00000300         
   36 00000300 00000000 
                       Heap_Size
                               EQU              0x00000000
   37 00000300         
   38 00000300                 AREA             HEAP, NOINIT, READWRITE, ALIGN=
3
   39 00000000         __heap_base
   40 00000000         Heap_Mem
                               SPACE            Heap_Size
   41 00000000         __heap_limit



ARM Macro Assembler    Page 2 


   42 00000000         
   43 00000000         
   44 00000000                 PRESERVE8
   45 00000000                 THUMB
   46 00000000         
   47 00000000         
   48 00000000         ; Vector Table Mapped to Address 0 at Reset
   49 00000000         
   50 00000000                 AREA             RESET, DATA, READONLY
   51 00000000                 EXPORT           __Vectors
   52 00000000         
   53 00000000 00000000 
                       __Vectors
                               DCD              __initial_sp ; Top of Stack
   54 00000004 00000000        DCD              Reset_Handler ; Reset Handler
   55 00000008 00000000        DCD              NMI_Handler ; NMI Handler
   56 0000000C 00000000        DCD              HardFault_Handler ; Hard Fault 
                                                            Handler
   57 00000010 00000000        DCD              MemManageFault_Handler ; Mem Ma
                                                            nage Fault Handler
   58 00000014 00000000        DCD              BusFault_Handler 
                                                            ; Bus Fault Handler
                                                            
   59 00000018 00000000        DCD              UsageFault_Handler ; Usage Faul
                                                            t Handler
   60 0000001C 00000000        DCD              0           ; Reserved
   61 00000020 00000000        DCD              0           ; Reserved
   62 00000024 00000000        DCD              0           ; Reserved
   63 00000028 00000000        DCD              0           ; Reserved
   64 0000002C 00000000        DCD              SVC_Handler ; SVCall Handler
   65 00000030 00000000        DCD              0           ; Reserved
   66 00000034 00000000        DCD              0           ; Reserved
   67 00000038 00000000        DCD              PendSV_Handler ; PendSV Handler
                                                            
   68 0000003C 00000000        DCD              SysTick_Handler 
                                                            ; SysTick Handler
   69 00000040         
   70 00000040         ; External Interrupts
   71 00000040 00000000        DCD              MemCtl_IRQHandler ;  0: Memory 
                                                            Controller Handler
   72 00000044 00000000        DCD              Wdt_IRQHandler ;  1: Windowed W
                                                            atchdog Timer Handl
                                                            er
   73 00000048 00000000        DCD              RTC_IRQHandler 
                                                            ;  2: RTC Handler
   74 0000004C 00000000        DCD              ADC_IRQHandler 
                                                            ;  3: ADC 0 Handler
                                                            
   75 00000050 00000000        DCD              ADC1_IRQHandler 
                                                            ;  4: ADC 1 Handler
                                                            
   76 00000054 00000000        DCD              ADC2_IRQHandler 
                                                            ;  5: ADC 2 Handler
                                                            
   77 00000058 00000000        DCD              ADC3_IRQHandler 
                                                            ;  6: ADC 3 Handler
                                                            
   78 0000005C 00000000        DCD              TimerA_IRQHandler ;  7: PWM Tim
                                                            er A Handler



ARM Macro Assembler    Page 3 


   79 00000060 00000000        DCD              TimerB_IRQHandler ;  8: PWM Tim
                                                            er B Handler
   80 00000064 00000000        DCD              TimerC_IRQHandler ;  9: PWM Tim
                                                            er C Handler
   81 00000068 00000000        DCD              TimerD_IRQHandler ; 10: PWM Tim
                                                            er D Handler
   82 0000006C 00000000        DCD              QEPA_IRQHandler ; 11: PWM Timer
                                                             A QEP Handler
   83 00000070 00000000        DCD              QEPB_IRQHandler ; 12: PWM Timer
                                                             B QEP Handler
   84 00000074 00000000        DCD              QEPC_IRQHandler ; 13: PWM Timer
                                                             C QEP Handler
   85 00000078 00000000        DCD              QEPD_IRQHandler ; 14: PWM Timer
                                                             D QEP Handler
   86 0000007C 00000000        DCD              GpioA_IRQHandler ; 15: GPIO A H
                                                            andler
   87 00000080 00000000        DCD              GpioB_IRQHandler ; 16: GPIO B H
                                                            andler
   88 00000084 00000000        DCD              GpioC_IRQHandler ; 17: GPIO C H
                                                            andler
   89 00000088 00000000        DCD              GpioD_IRQHandler ; 18: GPIO D H
                                                            andler
   90 0000008C 00000000        DCD              GpioE_IRQHandler ; 19: GPIO E H
                                                            andler
   91 00000090 00000000        DCD              GpioF_IRQHandler ; 20: GPIO F H
                                                            andler
   92 00000094 00000000        DCD              GpioG_IRQHandler ; 21: GPIO G H
                                                            andler
   93 00000098 00000000        DCD              I2C_IRQHandler 
                                                            ; 22: I2C Handler
   94 0000009C 00000000        DCD              USARTA_IRQHandler ; 23: UART A 
                                                            Handler
   95 000000A0 00000000        DCD              USARTB_IRQHandler ; 24: UART B 
                                                            Handler
   96 000000A4 00000000        DCD              USARTC_IRQHandler ; 25: UART C 
                                                            Handler
   97 000000A8 00000000        DCD              USARTD_IRQHandler ; 26: UART D 
                                                            Handler
   98 000000AC 00000000        DCD              CAN_IRQHandler 
                                                            ; 27: CAN Handler
   99 000000B0 00000000        DCD              GPTimerA_IRQHandler ; 28: GP Ti
                                                            mer A Handler
  100 000000B4 00000000        DCD              GPTimerB_IRQHandler ; 29: GP Ti
                                                            mer A Handler
  101 000000B8 00000000        DCD              CCS_IRQHandler ; 30: Clock Cont
                                                            rol System Handler
  102 000000BC         
  103 000000BC         
  104 000000BC                 EXPORT           Reset_Handler               [WE
AK]
  105 000000BC                 IMPORT           SystemInit
  106 000000BC                 IMPORT           __main
  107 000000BC                 IMPORT           pac_recovery
  108 000000BC         
  109 000000BC         
  110 000000BC                 AREA             |.text|, CODE, READONLY
  111 00000000         Reset_Handler
                               PROC
  112 00000000         



ARM Macro Assembler    Page 4 


  113 00000000         ; Call pac_recovery function to allow recovery of mis-co
                       nfigured device                    
  114 00000000 480E            LDR              R0, =pac_recovery
  115 00000002 4780            BLX              R0
  116 00000004         
  117 00000004 480E            LDR              R0, =SystemInit
  118 00000006 4780            BLX              R0
  119 00000008         
  120 00000008 480E            LDR              R0, =__main
  121 0000000A 4700            BX               R0
  122 0000000C         
  123 0000000C                 ENDP
  124 0000000C         
  125 0000000C         ; Dummy Exception Handlers (infinite loops which can be 
                       modified)                
  126 0000000C         
  127 0000000C         NMI_Handler
                               PROC
  128 0000000C                 EXPORT           NMI_Handler                 [WE
AK]
  129 0000000C E7FE            B                .
  130 0000000E                 ENDP
  132 0000000E         HardFault_Handler
                               PROC
  133 0000000E                 EXPORT           HardFault_Handler           [WE
AK]
  134 0000000E E7FE            B                .
  135 00000010                 ENDP
  137 00000010         MemManageFault_Handler
                               PROC
  138 00000010                 EXPORT           MemManageFault_Handler      [WE
AK]
  139 00000010 E7FE            B                .
  140 00000012                 ENDP
  142 00000012         BusFault_Handler
                               PROC
  143 00000012                 EXPORT           BusFault_Handler            [WE
AK]
  144 00000012 E7FE            B                .
  145 00000014                 ENDP
  147 00000014         UsageFault_Handler
                               PROC
  148 00000014                 EXPORT           UsageFault_Handler          [WE
AK]
  149 00000014 E7FE            B                .
  150 00000016                 ENDP
  151 00000016         SVC_Handler
                               PROC
  152 00000016                 EXPORT           SVC_Handler                 [WE
AK]
  153 00000016 E7FE            B                .
  154 00000018                 ENDP
  156 00000018         DebugMon_Handler
                               PROC
  157 00000018                 EXPORT           DebugMon_Handler            [WE
AK]
  158 00000018 E7FE            B                .
  159 0000001A                 ENDP
  160 0000001A         PendSV_Handler



ARM Macro Assembler    Page 5 


                               PROC
  161 0000001A                 EXPORT           PendSV_Handler              [WE
AK]
  162 0000001A E7FE            B                .
  163 0000001C                 ENDP
  164 0000001C         SysTick_Handler
                               PROC
  165 0000001C                 EXPORT           SysTick_Handler             [WE
AK]
  166 0000001C E7FE            B                .
  167 0000001E                 ENDP
  168 0000001E         
  169 0000001E         Default_Handler
                               PROC
  170 0000001E                 EXPORT           Default_Handler             [WE
AK]
  171 0000001E                 EXPORT           MemCtl_IRQHandler           [WE
AK]
  172 0000001E                 EXPORT           Wdt_IRQHandler              [WE
AK]
  173 0000001E                 EXPORT           RTC_IRQHandler              [WE
AK]
  174 0000001E                 EXPORT           ADC_IRQHandler              [WE
AK]
  175 0000001E                 EXPORT           ADC1_IRQHandler             [WE
AK]
  176 0000001E                 EXPORT           ADC2_IRQHandler             [WE
AK]
  177 0000001E                 EXPORT           ADC3_IRQHandler             [WE
AK]
  178 0000001E                 EXPORT           TimerA_IRQHandler           [WE
AK]
  179 0000001E                 EXPORT           TimerB_IRQHandler           [WE
AK]
  180 0000001E                 EXPORT           TimerC_IRQHandler           [WE
AK]
  181 0000001E                 EXPORT           TimerD_IRQHandler           [WE
AK]
  182 0000001E                 EXPORT           QEPA_IRQHandler             [WE
AK]
  183 0000001E                 EXPORT           QEPB_IRQHandler             [WE
AK]
  184 0000001E                 EXPORT           QEPC_IRQHandler             [WE
AK]
  185 0000001E                 EXPORT           QEPD_IRQHandler             [WE
AK]
  186 0000001E                 EXPORT           GpioA_IRQHandler            [WE
AK]
  187 0000001E                 EXPORT           GpioB_IRQHandler            [WE
AK]
  188 0000001E                 EXPORT           GpioC_IRQHandler            [WE
AK]
  189 0000001E                 EXPORT           GpioD_IRQHandler            [WE
AK]
  190 0000001E                 EXPORT           GpioE_IRQHandler            [WE
AK]
  191 0000001E                 EXPORT           GpioF_IRQHandler            [WE
AK]
  192 0000001E                 EXPORT           GpioG_IRQHandler            [WE



ARM Macro Assembler    Page 6 


AK]
  193 0000001E                 EXPORT           I2C_IRQHandler              [WE
AK]
  194 0000001E                 EXPORT           USARTA_IRQHandler           [WE
AK]
  195 0000001E                 EXPORT           USARTB_IRQHandler           [WE
AK]
  196 0000001E                 EXPORT           USARTC_IRQHandler           [WE
AK]
  197 0000001E                 EXPORT           USARTD_IRQHandler           [WE
AK]
  198 0000001E                 EXPORT           CAN_IRQHandler              [WE
AK]
  199 0000001E                 EXPORT           GPTimerA_IRQHandler         [WE
AK]
  200 0000001E                 EXPORT           GPTimerB_IRQHandler         [WE
AK]
  201 0000001E                 EXPORT           CCS_IRQHandler              [WE
AK]
  202 0000001E         MemCtl_IRQHandler
  203 0000001E         Wdt_IRQHandler
  204 0000001E         RTC_IRQHandler
  205 0000001E         ADC_IRQHandler
  206 0000001E         ADC1_IRQHandler
  207 0000001E         ADC2_IRQHandler
  208 0000001E         ADC3_IRQHandler
  209 0000001E         TimerA_IRQHandler
  210 0000001E         TimerB_IRQHandler
  211 0000001E         TimerC_IRQHandler
  212 0000001E         TimerD_IRQHandler
  213 0000001E         QEPA_IRQHandler
  214 0000001E         QEPB_IRQHandler
  215 0000001E         QEPC_IRQHandler
  216 0000001E         QEPD_IRQHandler
  217 0000001E         GpioA_IRQHandler
  218 0000001E         GpioB_IRQHandler
  219 0000001E         GpioC_IRQHandler
  220 0000001E         GpioD_IRQHandler
  221 0000001E         GpioE_IRQHandler
  222 0000001E         GpioF_IRQHandler
  223 0000001E         GpioG_IRQHandler
  224 0000001E         I2C_IRQHandler
  225 0000001E         USARTA_IRQHandler
  226 0000001E         USARTB_IRQHandler
  227 0000001E         USARTC_IRQHandler
  228 0000001E         USARTD_IRQHandler
  229 0000001E         CAN_IRQHandler
  230 0000001E         GPTimerA_IRQHandler
  231 0000001E         GPTimerB_IRQHandler
  232 0000001E         CCS_IRQHandler
  233 0000001E E7FE            B                .
  234 00000020                 ENDP
  235 00000020         
  236 00000020         
  237 00000020                 ALIGN
  238 00000020         
  239 00000020         
  240 00000020         ; User Initial Stack & Heap
  241 00000020         



ARM Macro Assembler    Page 7 


  242 00000020                 IF               :DEF:__MICROLIB
  249 00000020         
  250 00000020                 IMPORT           __use_two_region_memory
  251 00000020                 EXPORT           __user_initial_stackheap
  252 00000020         __user_initial_stackheap
  253 00000020         
  254 00000020 4809            LDR              R0, =  Heap_Mem
  255 00000022 490A            LDR              R1, = (Stack_Mem + Stack_Size)
  256 00000024 4A08            LDR              R2, = (Heap_Mem + Heap_Size)
  257 00000026 4B0A            LDR              R3, = Stack_Mem
  258 00000028 4770            BX               LR
  259 0000002A         
  260 0000002A 00 00           ALIGN
  261 0000002C         
  262 0000002C                 ENDIF
  263 0000002C         
  264 0000002C         
  265 0000002C         ;=======================================================
                       ======================
  266 0000002C         ; @brief  This function implements a delay in assembly t
                       o provide a consistent
  267 0000002C         ;         delay independent of compiler optimizations.
  268 0000002C         ;
  269 0000002C         ; @param  counts - number of loop iterations
  270 0000002C         ; @retval None
  271 0000002C         ;=======================================================
                       ======================
  272 0000002C         ;void pac_delay_asm(uint32_t counts)
  273 0000002C                 EXPORT           pac_delay_asm
  274 0000002C         pac_delay_asm
  275 0000002C B402            push             {r1}
  276 0000002E 2101            movs             r1, #1
  277 00000030         delay_loop1
  278 00000030 1A40            subs             r0,r0,r1    ; Decrement r0=coun
                                                            ts by r1=decrement 
                                                            value
  279 00000032 2800            cmp              r0, #0
  280 00000034 D1FC            bne              delay_loop1 ; Keep looping unti
                                                            l counts == 0
  281 00000036 BC02            pop              {r1}
  282 00000038 4770            bx               lr
  283 0000003A         
  284 0000003A         ;=======================================================
                       ======================
  285 0000003A         ; @brief  This function implements a delay in assembly t
                       o provide a consistent
  286 0000003A         ;         delay independent of compiler optimizations.  
                       This version is
  287 0000003A         ;         executed as a ramfunc in RAM, and is useful fo
                       r Flash operations that
  288 0000003A         ;         must be executed from RAM and require a delay
  289 0000003A         ; @param  counts - number of loop iterations
  290 0000003A         ; @retval None
  291 0000003A         ;=======================================================
                       ======================                
  292 0000003A         ;void pac_delay_asm_ramfunc(uint32_t counts)
  293 0000003A 00 00           ALIGN
  294 0000003C 00000000 
              00000000 



ARM Macro Assembler    Page 8 


              00000000 
              00000000 
              00000300 
              00000000         AREA             text, CODE, READWRITE
  295 00000000                 EXPORT           pac_delay_asm_ramfunc
  296 00000000         pac_delay_asm_ramfunc
  297 00000000 B402            push             {r1}
  298 00000002 2101            movs             r1, #1
  299 00000004         delay_loop2
  300 00000004 1A40            subs             r0,r0,r1    ; Decrement r0=coun
                                                            ts by r1=decrement 
                                                            value
  301 00000006 2800            cmp              r0, #0
  302 00000008 D1FC            bne              delay_loop2 ; Keep looping unti
                                                            l counts == 0
  303 0000000A BC02            pop              {r1}
  304 0000000C 4770            bx               lr
  305 0000000E         
  306 0000000E         
  307 0000000E                 END
Command Line: --debug --xref --diag_suppress=9931 --cpu=Cortex-M4.fp --apcs=int
erwork --depend=.\objects\startup_pac_keil.d -o.\objects\startup_pac_keil.o -I.
\RTE\_pac25140_proj -IC:\01_Tim\01_Qorvo\02_professional_software\02_KEIL\direc
tor526\ARM\PACK\Active-Semi\PAC55XX\1.1.0\Device\Include -IC:\01_Tim\01_Qorvo\0
2_professional_software\02_KEIL\director526\ARM\CMSIS\Include --predefine="__EV
AL SETA 1" --predefine="__UVISION_VERSION SETA 526" --list=.\listings\startup_p
ac_keil.lst ..\sdk\boot_keil\startup_pac_keil.s



ARM Macro Assembler    Page 1 Alphabetic symbol ordering
Relocatable symbols

STACK 00000000

Symbol: STACK
   Definitions
      At line 26 in file ..\sdk\boot_keil\startup_pac_keil.s
   Uses
      None
Comment: STACK unused
Stack_Mem 00000000

Symbol: Stack_Mem
   Definitions
      At line 27 in file ..\sdk\boot_keil\startup_pac_keil.s
   Uses
      At line 255 in file ..\sdk\boot_keil\startup_pac_keil.s
      At line 257 in file ..\sdk\boot_keil\startup_pac_keil.s

__initial_sp 00000300

Symbol: __initial_sp
   Definitions
      At line 28 in file ..\sdk\boot_keil\startup_pac_keil.s
   Uses
      At line 29 in file ..\sdk\boot_keil\startup_pac_keil.s
      At line 53 in file ..\sdk\boot_keil\startup_pac_keil.s

3 symbols



ARM Macro Assembler    Page 1 Alphabetic symbol ordering
Relocatable symbols

HEAP 00000000

Symbol: HEAP
   Definitions
      At line 38 in file ..\sdk\boot_keil\startup_pac_keil.s
   Uses
      None
Comment: HEAP unused
Heap_Mem 00000000

Symbol: Heap_Mem
   Definitions
      At line 40 in file ..\sdk\boot_keil\startup_pac_keil.s
   Uses
      At line 254 in file ..\sdk\boot_keil\startup_pac_keil.s
      At line 256 in file ..\sdk\boot_keil\startup_pac_keil.s

__heap_base 00000000

Symbol: __heap_base
   Definitions
      At line 39 in file ..\sdk\boot_keil\startup_pac_keil.s
   Uses
      None
Comment: __heap_base unused
__heap_limit 00000000

Symbol: __heap_limit
   Definitions
      At line 41 in file ..\sdk\boot_keil\startup_pac_keil.s
   Uses
      None
Comment: __heap_limit unused
4 symbols



ARM Macro Assembler    Page 1 Alphabetic symbol ordering
Relocatable symbols

RESET 00000000

Symbol: RESET
   Definitions
      At line 50 in file ..\sdk\boot_keil\startup_pac_keil.s
   Uses
      None
Comment: RESET unused
__Vectors 00000000

Symbol: __Vectors
   Definitions
      At line 53 in file ..\sdk\boot_keil\startup_pac_keil.s
   Uses
      At line 51 in file ..\sdk\boot_keil\startup_pac_keil.s
Comment: __Vectors used once
2 symbols



ARM Macro Assembler    Page 1 Alphabetic symbol ordering
Relocatable symbols

.text 00000000

Symbol: .text
   Definitions
      At line 110 in file ..\sdk\boot_keil\startup_pac_keil.s
   Uses
      None
Comment: .text unused
ADC1_IRQHandler 0000001E

Symbol: ADC1_IRQHandler
   Definitions
      At line 206 in file ..\sdk\boot_keil\startup_pac_keil.s
   Uses
      At line 75 in file ..\sdk\boot_keil\startup_pac_keil.s
      At line 175 in file ..\sdk\boot_keil\startup_pac_keil.s

ADC2_IRQHandler 0000001E

Symbol: ADC2_IRQHandler
   Definitions
      At line 207 in file ..\sdk\boot_keil\startup_pac_keil.s
   Uses
      At line 76 in file ..\sdk\boot_keil\startup_pac_keil.s
      At line 176 in file ..\sdk\boot_keil\startup_pac_keil.s

ADC3_IRQHandler 0000001E

Symbol: ADC3_IRQHandler
   Definitions
      At line 208 in file ..\sdk\boot_keil\startup_pac_keil.s
   Uses
      At line 77 in file ..\sdk\boot_keil\startup_pac_keil.s
      At line 177 in file ..\sdk\boot_keil\startup_pac_keil.s

ADC_IRQHandler 0000001E

Symbol: ADC_IRQHandler
   Definitions
      At line 205 in file ..\sdk\boot_keil\startup_pac_keil.s
   Uses
      At line 74 in file ..\sdk\boot_keil\startup_pac_keil.s
      At line 174 in file ..\sdk\boot_keil\startup_pac_keil.s

BusFault_Handler 00000012

Symbol: BusFault_Handler
   Definitions
      At line 142 in file ..\sdk\boot_keil\startup_pac_keil.s
   Uses
      At line 58 in file ..\sdk\boot_keil\startup_pac_keil.s
      At line 143 in file ..\sdk\boot_keil\startup_pac_keil.s

CAN_IRQHandler 0000001E

Symbol: CAN_IRQHandler
   Definitions
      At line 229 in file ..\sdk\boot_keil\startup_pac_keil.s
   Uses



ARM Macro Assembler    Page 2 Alphabetic symbol ordering
Relocatable symbols

      At line 98 in file ..\sdk\boot_keil\startup_pac_keil.s
      At line 198 in file ..\sdk\boot_keil\startup_pac_keil.s

CCS_IRQHandler 0000001E

Symbol: CCS_IRQHandler
   Definitions
      At line 232 in file ..\sdk\boot_keil\startup_pac_keil.s
   Uses
      At line 101 in file ..\sdk\boot_keil\startup_pac_keil.s
      At line 201 in file ..\sdk\boot_keil\startup_pac_keil.s

DebugMon_Handler 00000018

Symbol: DebugMon_Handler
   Definitions
      At line 156 in file ..\sdk\boot_keil\startup_pac_keil.s
   Uses
      At line 157 in file ..\sdk\boot_keil\startup_pac_keil.s
Comment: DebugMon_Handler used once
Default_Handler 0000001E

Symbol: Default_Handler
   Definitions
      At line 169 in file ..\sdk\boot_keil\startup_pac_keil.s
   Uses
      At line 170 in file ..\sdk\boot_keil\startup_pac_keil.s
Comment: Default_Handler used once
GPTimerA_IRQHandler 0000001E

Symbol: GPTimerA_IRQHandler
   Definitions
      At line 230 in file ..\sdk\boot_keil\startup_pac_keil.s
   Uses
      At line 99 in file ..\sdk\boot_keil\startup_pac_keil.s
      At line 199 in file ..\sdk\boot_keil\startup_pac_keil.s

GPTimerB_IRQHandler 0000001E

Symbol: GPTimerB_IRQHandler
   Definitions
      At line 231 in file ..\sdk\boot_keil\startup_pac_keil.s
   Uses
      At line 100 in file ..\sdk\boot_keil\startup_pac_keil.s
      At line 200 in file ..\sdk\boot_keil\startup_pac_keil.s

GpioA_IRQHandler 0000001E

Symbol: GpioA_IRQHandler
   Definitions
      At line 217 in file ..\sdk\boot_keil\startup_pac_keil.s
   Uses
      At line 86 in file ..\sdk\boot_keil\startup_pac_keil.s
      At line 186 in file ..\sdk\boot_keil\startup_pac_keil.s

GpioB_IRQHandler 0000001E

Symbol: GpioB_IRQHandler
   Definitions



ARM Macro Assembler    Page 3 Alphabetic symbol ordering
Relocatable symbols

      At line 218 in file ..\sdk\boot_keil\startup_pac_keil.s
   Uses
      At line 87 in file ..\sdk\boot_keil\startup_pac_keil.s
      At line 187 in file ..\sdk\boot_keil\startup_pac_keil.s

GpioC_IRQHandler 0000001E

Symbol: GpioC_IRQHandler
   Definitions
      At line 219 in file ..\sdk\boot_keil\startup_pac_keil.s
   Uses
      At line 88 in file ..\sdk\boot_keil\startup_pac_keil.s
      At line 188 in file ..\sdk\boot_keil\startup_pac_keil.s

GpioD_IRQHandler 0000001E

Symbol: GpioD_IRQHandler
   Definitions
      At line 220 in file ..\sdk\boot_keil\startup_pac_keil.s
   Uses
      At line 89 in file ..\sdk\boot_keil\startup_pac_keil.s
      At line 189 in file ..\sdk\boot_keil\startup_pac_keil.s

GpioE_IRQHandler 0000001E

Symbol: GpioE_IRQHandler
   Definitions
      At line 221 in file ..\sdk\boot_keil\startup_pac_keil.s
   Uses
      At line 90 in file ..\sdk\boot_keil\startup_pac_keil.s
      At line 190 in file ..\sdk\boot_keil\startup_pac_keil.s

GpioF_IRQHandler 0000001E

Symbol: GpioF_IRQHandler
   Definitions
      At line 222 in file ..\sdk\boot_keil\startup_pac_keil.s
   Uses
      At line 91 in file ..\sdk\boot_keil\startup_pac_keil.s
      At line 191 in file ..\sdk\boot_keil\startup_pac_keil.s

GpioG_IRQHandler 0000001E

Symbol: GpioG_IRQHandler
   Definitions
      At line 223 in file ..\sdk\boot_keil\startup_pac_keil.s
   Uses
      At line 92 in file ..\sdk\boot_keil\startup_pac_keil.s
      At line 192 in file ..\sdk\boot_keil\startup_pac_keil.s

HardFault_Handler 0000000E

Symbol: HardFault_Handler
   Definitions
      At line 132 in file ..\sdk\boot_keil\startup_pac_keil.s
   Uses
      At line 56 in file ..\sdk\boot_keil\startup_pac_keil.s
      At line 133 in file ..\sdk\boot_keil\startup_pac_keil.s




ARM Macro Assembler    Page 4 Alphabetic symbol ordering
Relocatable symbols

I2C_IRQHandler 0000001E

Symbol: I2C_IRQHandler
   Definitions
      At line 224 in file ..\sdk\boot_keil\startup_pac_keil.s
   Uses
      At line 93 in file ..\sdk\boot_keil\startup_pac_keil.s
      At line 193 in file ..\sdk\boot_keil\startup_pac_keil.s

MemCtl_IRQHandler 0000001E

Symbol: MemCtl_IRQHandler
   Definitions
      At line 202 in file ..\sdk\boot_keil\startup_pac_keil.s
   Uses
      At line 71 in file ..\sdk\boot_keil\startup_pac_keil.s
      At line 171 in file ..\sdk\boot_keil\startup_pac_keil.s

MemManageFault_Handler 00000010

Symbol: MemManageFault_Handler
   Definitions
      At line 137 in file ..\sdk\boot_keil\startup_pac_keil.s
   Uses
      At line 57 in file ..\sdk\boot_keil\startup_pac_keil.s
      At line 138 in file ..\sdk\boot_keil\startup_pac_keil.s

NMI_Handler 0000000C

Symbol: NMI_Handler
   Definitions
      At line 127 in file ..\sdk\boot_keil\startup_pac_keil.s
   Uses
      At line 55 in file ..\sdk\boot_keil\startup_pac_keil.s
      At line 128 in file ..\sdk\boot_keil\startup_pac_keil.s

PendSV_Handler 0000001A

Symbol: PendSV_Handler
   Definitions
      At line 160 in file ..\sdk\boot_keil\startup_pac_keil.s
   Uses
      At line 67 in file ..\sdk\boot_keil\startup_pac_keil.s
      At line 161 in file ..\sdk\boot_keil\startup_pac_keil.s

QEPA_IRQHandler 0000001E

Symbol: QEPA_IRQHandler
   Definitions
      At line 213 in file ..\sdk\boot_keil\startup_pac_keil.s
   Uses
      At line 82 in file ..\sdk\boot_keil\startup_pac_keil.s
      At line 182 in file ..\sdk\boot_keil\startup_pac_keil.s

QEPB_IRQHandler 0000001E

Symbol: QEPB_IRQHandler
   Definitions
      At line 214 in file ..\sdk\boot_keil\startup_pac_keil.s



ARM Macro Assembler    Page 5 Alphabetic symbol ordering
Relocatable symbols

   Uses
      At line 83 in file ..\sdk\boot_keil\startup_pac_keil.s
      At line 183 in file ..\sdk\boot_keil\startup_pac_keil.s

QEPC_IRQHandler 0000001E

Symbol: QEPC_IRQHandler
   Definitions
      At line 215 in file ..\sdk\boot_keil\startup_pac_keil.s
   Uses
      At line 84 in file ..\sdk\boot_keil\startup_pac_keil.s
      At line 184 in file ..\sdk\boot_keil\startup_pac_keil.s

QEPD_IRQHandler 0000001E

Symbol: QEPD_IRQHandler
   Definitions
      At line 216 in file ..\sdk\boot_keil\startup_pac_keil.s
   Uses
      At line 85 in file ..\sdk\boot_keil\startup_pac_keil.s
      At line 185 in file ..\sdk\boot_keil\startup_pac_keil.s

RTC_IRQHandler 0000001E

Symbol: RTC_IRQHandler
   Definitions
      At line 204 in file ..\sdk\boot_keil\startup_pac_keil.s
   Uses
      At line 73 in file ..\sdk\boot_keil\startup_pac_keil.s
      At line 173 in file ..\sdk\boot_keil\startup_pac_keil.s

Reset_Handler 00000000

Symbol: Reset_Handler
   Definitions
      At line 111 in file ..\sdk\boot_keil\startup_pac_keil.s
   Uses
      At line 54 in file ..\sdk\boot_keil\startup_pac_keil.s
      At line 104 in file ..\sdk\boot_keil\startup_pac_keil.s

SVC_Handler 00000016

Symbol: SVC_Handler
   Definitions
      At line 151 in file ..\sdk\boot_keil\startup_pac_keil.s
   Uses
      At line 64 in file ..\sdk\boot_keil\startup_pac_keil.s
      At line 152 in file ..\sdk\boot_keil\startup_pac_keil.s

SysTick_Handler 0000001C

Symbol: SysTick_Handler
   Definitions
      At line 164 in file ..\sdk\boot_keil\startup_pac_keil.s
   Uses
      At line 68 in file ..\sdk\boot_keil\startup_pac_keil.s
      At line 165 in file ..\sdk\boot_keil\startup_pac_keil.s

TimerA_IRQHandler 0000001E



ARM Macro Assembler    Page 6 Alphabetic symbol ordering
Relocatable symbols


Symbol: TimerA_IRQHandler
   Definitions
      At line 209 in file ..\sdk\boot_keil\startup_pac_keil.s
   Uses
      At line 78 in file ..\sdk\boot_keil\startup_pac_keil.s
      At line 178 in file ..\sdk\boot_keil\startup_pac_keil.s

TimerB_IRQHandler 0000001E

Symbol: TimerB_IRQHandler
   Definitions
      At line 210 in file ..\sdk\boot_keil\startup_pac_keil.s
   Uses
      At line 79 in file ..\sdk\boot_keil\startup_pac_keil.s
      At line 179 in file ..\sdk\boot_keil\startup_pac_keil.s

TimerC_IRQHandler 0000001E

Symbol: TimerC_IRQHandler
   Definitions
      At line 211 in file ..\sdk\boot_keil\startup_pac_keil.s
   Uses
      At line 80 in file ..\sdk\boot_keil\startup_pac_keil.s
      At line 180 in file ..\sdk\boot_keil\startup_pac_keil.s

TimerD_IRQHandler 0000001E

Symbol: TimerD_IRQHandler
   Definitions
      At line 212 in file ..\sdk\boot_keil\startup_pac_keil.s
   Uses
      At line 81 in file ..\sdk\boot_keil\startup_pac_keil.s
      At line 181 in file ..\sdk\boot_keil\startup_pac_keil.s

USARTA_IRQHandler 0000001E

Symbol: USARTA_IRQHandler
   Definitions
      At line 225 in file ..\sdk\boot_keil\startup_pac_keil.s
   Uses
      At line 94 in file ..\sdk\boot_keil\startup_pac_keil.s
      At line 194 in file ..\sdk\boot_keil\startup_pac_keil.s

USARTB_IRQHandler 0000001E

Symbol: USARTB_IRQHandler
   Definitions
      At line 226 in file ..\sdk\boot_keil\startup_pac_keil.s
   Uses
      At line 95 in file ..\sdk\boot_keil\startup_pac_keil.s
      At line 195 in file ..\sdk\boot_keil\startup_pac_keil.s

USARTC_IRQHandler 0000001E

Symbol: USARTC_IRQHandler
   Definitions
      At line 227 in file ..\sdk\boot_keil\startup_pac_keil.s
   Uses



ARM Macro Assembler    Page 7 Alphabetic symbol ordering
Relocatable symbols

      At line 96 in file ..\sdk\boot_keil\startup_pac_keil.s
      At line 196 in file ..\sdk\boot_keil\startup_pac_keil.s

USARTD_IRQHandler 0000001E

Symbol: USARTD_IRQHandler
   Definitions
      At line 228 in file ..\sdk\boot_keil\startup_pac_keil.s
   Uses
      At line 97 in file ..\sdk\boot_keil\startup_pac_keil.s
      At line 197 in file ..\sdk\boot_keil\startup_pac_keil.s

UsageFault_Handler 00000014

Symbol: UsageFault_Handler
   Definitions
      At line 147 in file ..\sdk\boot_keil\startup_pac_keil.s
   Uses
      At line 59 in file ..\sdk\boot_keil\startup_pac_keil.s
      At line 148 in file ..\sdk\boot_keil\startup_pac_keil.s

Wdt_IRQHandler 0000001E

Symbol: Wdt_IRQHandler
   Definitions
      At line 203 in file ..\sdk\boot_keil\startup_pac_keil.s
   Uses
      At line 72 in file ..\sdk\boot_keil\startup_pac_keil.s
      At line 172 in file ..\sdk\boot_keil\startup_pac_keil.s

__user_initial_stackheap 00000020

Symbol: __user_initial_stackheap
   Definitions
      At line 252 in file ..\sdk\boot_keil\startup_pac_keil.s
   Uses
      At line 251 in file ..\sdk\boot_keil\startup_pac_keil.s
Comment: __user_initial_stackheap used once
delay_loop1 00000030

Symbol: delay_loop1
   Definitions
      At line 277 in file ..\sdk\boot_keil\startup_pac_keil.s
   Uses
      At line 280 in file ..\sdk\boot_keil\startup_pac_keil.s
Comment: delay_loop1 used once
pac_delay_asm 0000002C

Symbol: pac_delay_asm
   Definitions
      At line 274 in file ..\sdk\boot_keil\startup_pac_keil.s
   Uses
      At line 273 in file ..\sdk\boot_keil\startup_pac_keil.s
Comment: pac_delay_asm used once
46 symbols



ARM Macro Assembler    Page 1 Alphabetic symbol ordering
Relocatable symbols

delay_loop2 00000004

Symbol: delay_loop2
   Definitions
      At line 299 in file ..\sdk\boot_keil\startup_pac_keil.s
   Uses
      At line 302 in file ..\sdk\boot_keil\startup_pac_keil.s
Comment: delay_loop2 used once
pac_delay_asm_ramfunc 00000000

Symbol: pac_delay_asm_ramfunc
   Definitions
      At line 296 in file ..\sdk\boot_keil\startup_pac_keil.s
   Uses
      At line 295 in file ..\sdk\boot_keil\startup_pac_keil.s
Comment: pac_delay_asm_ramfunc used once
text 00000000

Symbol: text
   Definitions
      At line 294 in file ..\sdk\boot_keil\startup_pac_keil.s
   Uses
      None
Comment: text unused
3 symbols



ARM Macro Assembler    Page 1 Alphabetic symbol ordering
Absolute symbols

Heap_Size 00000000

Symbol: Heap_Size
   Definitions
      At line 36 in file ..\sdk\boot_keil\startup_pac_keil.s
   Uses
      At line 40 in file ..\sdk\boot_keil\startup_pac_keil.s
      At line 256 in file ..\sdk\boot_keil\startup_pac_keil.s

Stack_Size 00000300

Symbol: Stack_Size
   Definitions
      At line 24 in file ..\sdk\boot_keil\startup_pac_keil.s
   Uses
      At line 27 in file ..\sdk\boot_keil\startup_pac_keil.s
      At line 255 in file ..\sdk\boot_keil\startup_pac_keil.s

2 symbols



ARM Macro Assembler    Page 1 Alphabetic symbol ordering
External symbols

SystemInit 00000000

Symbol: SystemInit
   Definitions
      At line 105 in file ..\sdk\boot_keil\startup_pac_keil.s
   Uses
      At line 117 in file ..\sdk\boot_keil\startup_pac_keil.s
Comment: SystemInit used once
__main 00000000

Symbol: __main
   Definitions
      At line 106 in file ..\sdk\boot_keil\startup_pac_keil.s
   Uses
      At line 120 in file ..\sdk\boot_keil\startup_pac_keil.s
Comment: __main used once
__use_two_region_memory 00000000

Symbol: __use_two_region_memory
   Definitions
      At line 250 in file ..\sdk\boot_keil\startup_pac_keil.s
   Uses
      None
Comment: __use_two_region_memory unused
pac_recovery 00000000

Symbol: pac_recovery
   Definitions
      At line 107 in file ..\sdk\boot_keil\startup_pac_keil.s
   Uses
      At line 114 in file ..\sdk\boot_keil\startup_pac_keil.s
Comment: pac_recovery used once
4 symbols
401 symbols in table
